[9636:5480:0727/232829.781:INFO:components\enterprise\browser\controller\chrome_browser_cloud_management_controller.cc:239] No machine level policy manager exists.
[9636:5480:0727/232831.444:INFO:CONSOLE:0] "The page requested an origin-keyed agent cluster using the Origin-Agent-Cluster header, but could not be origin-keyed since the origin 'https://www.decathlon.com' had previously been placed in a site-keyed agent cluster. Update your headers to uniformly request origin-keying for all pages on the origin.", source: https://www.decathlon.com/web-pixels@0b92dcedw658847c9p94194e39m8bc44e9f/custom/web-pixel-14942270@1/sandbox/modern/collections/mens-down-jackets?__cf_chl_rt_tk=Z.KVzHpMmGhlbgTNajJUsqe4u3z_i43ocEtRzqFHIZY-1785187712-1.0.1.1-yVSJdUpji2DaW2JXcE9RRtdZybpudR8IHviNa_4L7CQ (0)
[9636:5480:0727/232831.451:INFO:CONSOLE:0] "The page requested an origin-keyed agent cluster using the Origin-Agent-Cluster header, but could not be origin-keyed since the origin 'https://www.decathlon.com' had previously been placed in a site-keyed agent cluster. Update your headers to uniformly request origin-keying for all pages on the origin.", source: https://www.decathlon.com/web-pixels@0b92dcedw658847c9p94194e39m8bc44e9f/custom/web-pixel-35881022@1/sandbox/modern/collections/mens-down-jackets?__cf_chl_rt_tk=aO2Le5TXwBl3b8RVjYlPUYy__WQGX_TjZRXkU75xRsU-1785187712-1.0.1.1-hV1XbWffg0F2mrwyt_yOPgYGcNc2_Z4S5lPiJSuzlIk (0)
[9636:5480:0727/232831.453:INFO:CONSOLE:0] "The page requested an origin-keyed agent cluster using the Origin-Agent-Cluster header, but could not be origin-keyed since the origin 'https://www.decathlon.com' had previously been placed in a site-keyed agent cluster. Update your headers to uniformly request origin-keying for all pages on the origin.", source: https://www.decathlon.com/web-pixels@0b92dcedw658847c9p94194e39m8bc44e9f/custom/web-pixel-48791614@1/sandbox/modern/collections/mens-down-jackets?__cf_chl_rt_tk=LjHLNB2WN0.x3T_eZQPELY9QJotkwdmZe59aE3TdO5Q-1785187712-1.0.1.1-rV0JLMEzXg1VJ5oC2_7zE.YTRtzqnIsZIqsDwYJeOq4 (0)
[9636:5480:0727/232831.453:INFO:CONSOLE:0] "The page requested an origin-keyed agent cluster using the Origin-Agent-Cluster header, but could not be origin-keyed since the origin 'https://www.decathlon.com' had previously been placed in a site-keyed agent cluster. Update your headers to uniformly request origin-keying for all pages on the origin.", source: https://www.decathlon.com/web-pixels@0b92dcedw658847c9p94194e39m8bc44e9f/custom/web-pixel-shopify-custom-pixel@0501/sandbox/modern/collections/mens-down-jackets?__cf_chl_rt_tk=XCB0JUu9fQ2pw.zb1Z090oOeldlFOpSYljvKCZca2fE-1785187712-1.0.1.1-nlb1nEKJex1oAnsNsshqdio63dU_aJkyDazyuqYmtVU (0)
[9636:5480:0727/232831.454:INFO:CONSOLE:1] "The page requested an origin-keyed agent cluster using the Origin-Agent-Cluster header, but could not be origin-keyed since the origin 'https://www.decathlon.com' had previously been placed in a site-keyed agent cluster. Update your headers to uniformly request origin-keying for all pages on the origin.", source: https://www.decathlon.com/web-pixels@0b92dcedw658847c9p94194e39m8bc44e9f/custom/web-pixel-94208062@12/sandbox/modern/collections/mens-down-jackets (1)
[9636:5480:0727/232831.459:INFO:CONSOLE:0] "Refused to execute script from 'https://www.decathlon.com/web-pixels@0b92dcedw658847c9p94194e39m8bc44e9f/app/web-pixel-113442878@abff2a8add143ccb04deb20f0ebd74a9~2/pixel.modern.js' because its MIME type ('text/html') is not executable, and strict MIME type checking is enabled.", source: https://www.decathlon.com/collections/mens-down-jackets (0)
[9636:5480:0727/232831.480:INFO:CONSOLE:1] "[GORGIAS-CHAT] Loading chat 01GYCBSN7PHYA9DS6ASWZGWX22...", source: https://config.gorgias.chat/bundle-loader/shopify/decathlon-usa.myshopify.com (1)
[9636:5480:0727/232831.835:INFO:CONSOLE:1] "%c 😎😍🤩 STORE LOCATOR 🤩😍😎  font-weight: 600; font-size: 12px; background: radial-gradient(circle, rgba(255,175,175,1) 17%, rgba(233,189,148,1) 74%); color: #ffffff; padding: 4px 5px; border-radius: 15px", source: https://cdn.shopify.com/extensions/019f933b-8bf8-753c-806a-a8458ececd4b/version_9d257540-2026-07-24_15h26m/assets/bss-loader.js (1)
[9636:5480:0727/232831.890:INFO:CONSOLE:1] "Uncaught (in promise) Error: Section sections--18434716106814__header_section not found in the section rendering response", source: https://www.decathlon.com/cdn/shop/t/374/assets/section-renderer.js?v=123311117485513785771775763283 (1)
[14068:2224:0727/232832.066:INFO:third_party\blink\renderer\modules\peerconnection\peer_connection_dependency_factory.cc:940] Running WebRTC with a combined Network and Worker thread.
[9636:5480:0727/232835.857:INFO:CONSOLE:1] "%cIntelligent cross-selling powered by Rebuy. 
                display: inline-block;
                font-size: 14px;
                background: linear-gradient(to right, #455eee, #985dd0, #b62286);
                color: white;
                padding: 4px;
                border-radius: 4px;
            ", source: https://cdn.rebuyengine.com/onsite/js/global-a4a65a79ab437a6ae1f7.js (1)
[9636:5480:0727/232835.857:INFO:CONSOLE:1] "%c

📈 Increased conversion rates
📈 Increased average order value
📈 Increased customer lifetime value


Learn more at: https://developers.rebuyengine.com/

 font-size: 14px;", source: https://cdn.rebuyengine.com/onsite/js/global-a4a65a79ab437a6ae1f7.js (1)
[9636:5480:0727/232835.857:INFO:CONSOLE:1] "console.groupEnd", source: https://cdn.rebuyengine.com/onsite/js/global-a4a65a79ab437a6ae1f7.js (1)
[14068:11392:0727/232835.859:INFO:third_party\blink\renderer\platform\p2p\ipc_socket_factory.cc:575] Setting new p2p socket buffer limit to 262144
[14068:11392:0727/232835.859:INFO:third_party\blink\renderer\platform\p2p\ipc_socket_factory.cc:575] Setting new p2p socket buffer limit to 262144
[21992:26152:0727/232835.885:WARNING:net\dns\host_resolver_dns_task.cc:948] Address list empty after RFC3484 sort
[21992:26152:0727/232835.895:WARNING:net\dns\host_resolver_dns_task.cc:948] Address list empty after RFC3484 sort
[21992:26152:0727/232835.897:ERROR:services\network\p2p\socket_manager.cc:137] Failed to resolve address for stun.cloudflare.com., errorcode: -105
[21992:26152:0727/232835.897:ERROR:services\network\p2p\socket_manager.cc:137] Failed to resolve address for stun.cloudflare.com., errorcode: -105
[21992:26152:0727/232835.897:ERROR:services\network\p2p\socket_manager.cc:137] Failed to resolve address for stun.cloudflare.com., errorcode: -105
[21992:26152:0727/232835.911:WARNING:net\dns\host_resolver_dns_task.cc:948] Address list empty after RFC3484 sort
[21992:26152:0727/232835.911:WARNING:net\dns\host_resolver_dns_task.cc:948] Address list empty after RFC3484 sort
[14068:11392:0727/232835.956:WARNING:third_party\webrtc\p2p\base\stun_port.cc:470] Port[f10980:0:1:0:host:Net[any:0:0:0:x:x:x:x:x/0:Wildcard:id=0]]: StunPort: stun host lookup received error -1
[14068:11392:0727/232835.956:WARNING:third_party\webrtc\p2p\base\stun_port.cc:470] Port[f0f100:1:1:0:host:Net[any:0:0:0:x:x:x:x:x/0:Wildcard:id=0]]: StunPort: stun host lookup received error -1
[14068:11392:0727/232835.956:WARNING:third_party\webrtc\p2p\base\stun_port.cc:470] Port[f0dc00:2:1:0:host:Net[any:0:0:0:x:x:x:x:x/0:Wildcard:id=0]]: StunPort: stun host lookup received error -1
[21992:26152:0727/232835.964:WARNING:net\dns\host_resolver_dns_task.cc:948] Address list empty after RFC3484 sort
[21992:26152:0727/232835.965:ERROR:services\network\p2p\socket_manager.cc:137] Failed to resolve address for stun.l.google.com., errorcode: -105
[14068:11392:0727/232835.966:WARNING:third_party\webrtc\p2p\base\stun_port.cc:470] Port[f10980:0:1:0:host:Net[any:0:0:0:x:x:x:x:x/0:Wildcard:id=0]]: StunPort: stun host lookup received error -1
[21992:26152:0727/232835.966:ERROR:services\network\p2p\socket_manager.cc:137] Failed to resolve address for stun.l.google.com., errorcode: -105
[21992:26152:0727/232835.966:ERROR:services\network\p2p\socket_manager.cc:137] Failed to resolve address for stun.l.google.com., errorcode: -105
[21992:26152:0727/232835.967:WARNING:net\dns\host_resolver_dns_task.cc:948] Address list empty after RFC3484 sort
[14068:11392:0727/232835.967:WARNING:third_party\webrtc\p2p\base\stun_port.cc:470] Port[f0f100:1:1:0:host:Net[any:0:0:0:x:x:x:x:x/0:Wildcard:id=0]]: StunPort: stun host lookup received error -1
[14068:11392:0727/232835.967:WARNING:third_party\webrtc\p2p\base\stun_port.cc:470] Port[f0dc00:2:1:0:host:Net[any:0:0:0:x:x:x:x:x/0:Wildcard:id=0]]: StunPort: stun host lookup received error -1
[21992:26152:0727/232835.969:ERROR:services\network\p2p\socket_manager.cc:137] Failed to resolve address for stun1.l.google.com., errorcode: -105
[21992:26152:0727/232835.969:ERROR:services\network\p2p\socket_manager.cc:137] Failed to resolve address for stun1.l.google.com., errorcode: -105
[21992:26152:0727/232835.969:ERROR:services\network\p2p\socket_manager.cc:137] Failed to resolve address for stun1.l.google.com., errorcode: -105
[14068:11392:0727/232835.972:WARNING:third_party\webrtc\p2p\base\stun_port.cc:470] Port[f10980:0:1:0:host:Net[any:0:0:0:x:x:x:x:x/0:Wildcard:id=0]]: StunPort: stun host lookup received error -1
[14068:11392:0727/232835.973:WARNING:third_party\webrtc\p2p\base\stun_port.cc:470] Port[f0f100:1:1:0:host:Net[any:0:0:0:x:x:x:x:x/0:Wildcard:id=0]]: StunPort: stun host lookup received error -1
[14068:11392:0727/232835.973:WARNING:third_party\webrtc\p2p\base\stun_port.cc:470] Port[f0dc00:2:1:0:host:Net[any:0:0:0:x:x:x:x:x/0:Wildcard:id=0]]: StunPort: stun host lookup received error -1
[22100:21752:0727/232836.002:INFO:third_party\blink\renderer\modules\peerconnection\peer_connection_dependency_factory.cc:940] Running WebRTC with a combined Network and Worker thread.
[22100:2812:0727/232836.058:INFO:third_party\blink\renderer\platform\p2p\ipc_socket_factory.cc:575] Setting new p2p socket buffer limit to 262144
[22100:2812:0727/232836.058:INFO:third_party\blink\renderer\platform\p2p\ipc_socket_factory.cc:575] Setting new p2p socket buffer limit to 262144
[9636:5480:0727/232836.078:INFO:CONSOLE:1] "Rebuy JS is already loaded.", source: https://cdn.rebuyengine.com/onsite/js/rebuy.js?shop=decathlon-usa.myshopify.com (1)
[9636:5480:0727/232836.079:INFO:CONSOLE:1] "Rebuy JS is already loaded.", source: https://cdn.rebuyengine.com/onsite/js/rebuy.js?shop=decathlon-usa.myshopify.com (1)
[9636:5480:0727/232836.079:INFO:CONSOLE:1] "Rebuy JS is already loaded.", source: https://cdn.rebuyengine.com/onsite/js/rebuy.js?shop=decathlon-usa.myshopify.com (1)
[9636:5480:0727/232836.080:INFO:CONSOLE:1] "Rebuy JS is already loaded.", source: https://cdn.rebuyengine.com/onsite/js/rebuy.js?shop=decathlon-usa.myshopify.com (1)
[9636:5480:0727/232836.080:INFO:CONSOLE:1] "Rebuy JS is already loaded.", source: https://cdn.rebuyengine.com/onsite/js/rebuy.js?shop=decathlon-usa.myshopify.com (1)
[9636:5480:0727/232836.080:INFO:CONSOLE:1] "Rebuy JS is already loaded.", source: https://cdn.rebuyengine.com/onsite/js/rebuy.js?shop=decathlon-usa.myshopify.com (1)
[9636:5480:0727/232836.081:INFO:CONSOLE:1] "Rebuy JS is already loaded.", source: https://cdn.rebuyengine.com/onsite/js/rebuy.js?shop=decathlon-usa.myshopify.com (1)
[9636:5480:0727/232836.083:INFO:CONSOLE:1] "Rebuy JS is already loaded.", source: https://cdn.rebuyengine.com/onsite/js/rebuy.js?shop=decathlon-usa.myshopify.com (1)
[9636:5480:0727/232836.083:INFO:CONSOLE:1] "Rebuy JS is already loaded.", source: https://cdn.rebuyengine.com/onsite/js/rebuy.js?shop=decathlon-usa.myshopify.com (1)
[9636:5480:0727/232836.083:INFO:CONSOLE:1] "Rebuy JS is already loaded.", source: https://cdn.rebuyengine.com/onsite/js/rebuy.js?shop=decathlon-usa.myshopify.com (1)
[9636:5480:0727/232836.084:INFO:CONSOLE:1] "Rebuy JS is already loaded.", source: https://cdn.rebuyengine.com/onsite/js/rebuy.js?shop=decathlon-usa.myshopify.com (1)
[9636:5480:0727/232836.084:INFO:CONSOLE:1] "Rebuy JS is already loaded.", source: https://cdn.rebuyengine.com/onsite/js/rebuy.js?shop=decathlon-usa.myshopify.com (1)
[9636:5480:0727/232836.084:INFO:CONSOLE:1] "Rebuy JS is already loaded.", source: https://cdn.rebuyengine.com/onsite/js/rebuy.js?shop=decathlon-usa.myshopify.com (1)
[9636:5480:0727/232836.084:INFO:CONSOLE:1] "Rebuy JS is already loaded.", source: https://cdn.rebuyengine.com/onsite/js/rebuy.js?shop=decathlon-usa.myshopify.com (1)
[9636:5480:0727/232836.085:INFO:CONSOLE:1] "Rebuy JS is already loaded.", source: https://cdn.rebuyengine.com/onsite/js/rebuy.js?shop=decathlon-usa.myshopify.com (1)
[9636:5480:0727/232836.085:INFO:CONSOLE:1] "Rebuy JS is already loaded.", source: https://cdn.rebuyengine.com/onsite/js/rebuy.js?shop=decathlon-usa.myshopify.com (1)
[9636:5480:0727/232836.085:INFO:CONSOLE:1] "Rebuy JS is already loaded.", source: https://cdn.rebuyengine.com/onsite/js/rebuy.js?shop=decathlon-usa.myshopify.com (1)
[21992:26152:0727/232836.085:WARNING:net\dns\host_resolver_dns_task.cc:948] Address list empty after RFC3484 sort
[9636:5480:0727/232836.085:INFO:CONSOLE:1] "Rebuy JS is already loaded.", source: https://cdn.rebuyengine.com/onsite/js/rebuy.js?shop=decathlon-usa.myshopify.com (1)
[9636:5480:0727/232836.086:INFO:CONSOLE:1] "Rebuy JS is already loaded.", source: https://cdn.rebuyengine.com/onsite/js/rebuy.js?shop=decathlon-usa.myshopify.com (1)
[9636:5480:0727/232836.086:INFO:CONSOLE:1] "Rebuy JS is already loaded.", source: https://cdn.rebuyengine.com/onsite/js/rebuy.js?shop=decathlon-usa.myshopify.com (1)
[9636:5480:0727/232836.086:INFO:CONSOLE:1] "Rebuy JS is already loaded.", source: https://cdn.rebuyengine.com/onsite/js/rebuy.js?shop=decathlon-usa.myshopify.com (1)
[9636:5480:0727/232836.086:INFO:CONSOLE:1] "Rebuy JS is already loaded.", source: https://cdn.rebuyengine.com/onsite/js/rebuy.js?shop=decathlon-usa.myshopify.com (1)
[9636:5480:0727/232836.087:INFO:CONSOLE:1] "Rebuy JS is already loaded.", source: https://cdn.rebuyengine.com/onsite/js/rebuy.js?shop=decathlon-usa.myshopify.com (1)
[9636:5480:0727/232836.087:INFO:CONSOLE:1] "Rebuy JS is already loaded.", source: https://cdn.rebuyengine.com/onsite/js/rebuy.js?shop=decathlon-usa.myshopify.com (1)
[9636:5480:0727/232836.087:INFO:CONSOLE:1] "Rebuy JS is already loaded.", source: https://cdn.rebuyengine.com/onsite/js/rebuy.js?shop=decathlon-usa.myshopify.com (1)
[9636:5480:0727/232836.087:INFO:CONSOLE:1] "Rebuy JS is already loaded.", source: https://cdn.rebuyengine.com/onsite/js/rebuy.js?shop=decathlon-usa.myshopify.com (1)
[9636:5480:0727/232836.088:INFO:CONSOLE:1] "Rebuy JS is already loaded.", source: https://cdn.rebuyengine.com/onsite/js/rebuy.js?shop=decathlon-usa.myshopify.com (1)
[9636:5480:0727/232836.089:INFO:CONSOLE:1] "Rebuy JS is already loaded.", source: https://cdn.rebuyengine.com/onsite/js/rebuy.js?shop=decathlon-usa.myshopify.com (1)
[9636:5480:0727/232836.089:INFO:CONSOLE:1] "Rebuy JS is already loaded.", source: https://cdn.rebuyengine.com/onsite/js/rebuy.js?shop=decathlon-usa.myshopify.com (1)
[21992:26152:0727/232836.089:WARNING:net\dns\host_resolver_dns_task.cc:948] Address list empty after RFC3484 sort
[9636:5480:0727/232836.090:INFO:CONSOLE:1] "Rebuy JS is already loaded.", source: https://cdn.rebuyengine.com/onsite/js/rebuy.js?shop=decathlon-usa.myshopify.com (1)
[21992:26152:0727/232836.090:ERROR:services\network\p2p\socket_manager.cc:137] Failed to resolve address for stun.cloudflare.com., errorcode: -105
[9636:5480:0727/232836.090:INFO:CONSOLE:1] "Rebuy JS is already loaded.", source: https://cdn.rebuyengine.com/onsite/js/rebuy.js?shop=decathlon-usa.myshopify.com (1)
[21992:26152:0727/232836.090:ERROR:services\network\p2p\socket_manager.cc:137] Failed to resolve address for stun.cloudflare.com., errorcode: -105
[22100:2812:0727/232836.090:WARNING:third_party\webrtc\p2p\base\stun_port.cc:470] Port[11dc700:0:1:0:host:Net[any:0:0:0:x:x:x:x:x/0:Wildcard:id=0]]: StunPort: stun host lookup received error -1
[21992:26152:0727/232836.090:ERROR:services\network\p2p\socket_manager.cc:137] Failed to resolve address for stun.cloudflare.com., errorcode: -105
[9636:5480:0727/232836.090:INFO:CONSOLE:1] "Rebuy JS is already loaded.", source: https://cdn.rebuyengine.com/onsite/js/rebuy.js?shop=decathlon-usa.myshopify.com (1)
[22100:2812:0727/232836.090:WARNING:third_party\webrtc\p2p\base\stun_port.cc:470] Port[11dce00:1:1:0:host:Net[any:0:0:0:x:x:x:x:x/0:Wildcard:id=0]]: StunPort: stun host lookup received error -1
[22100:2812:0727/232836.090:WARNING:third_party\webrtc\p2p\base\stun_port.cc:470] Port[11dd500:2:1:0:host:Net[any:0:0:0:x:x:x:x:x/0:Wildcard:id=0]]: StunPort: stun host lookup received error -1
[9636:5480:0727/232836.090:INFO:CONSOLE:1] "Rebuy JS is already loaded.", source: https://cdn.rebuyengine.com/onsite/js/rebuy.js?shop=decathlon-usa.myshopify.com (1)
[9636:5480:0727/232836.091:INFO:CONSOLE:1] "Rebuy JS is already loaded.", source: https://cdn.rebuyengine.com/onsite/js/rebuy.js?shop=decathlon-usa.myshopify.com (1)
[9636:5480:0727/232836.091:INFO:CONSOLE:1] "Rebuy JS is already loaded.", source: https://cdn.rebuyengine.com/onsite/js/rebuy.js?shop=decathlon-usa.myshopify.com (1)
[9636:5480:0727/232836.091:INFO:CONSOLE:1] "Rebuy JS is already loaded.", source: https://cdn.rebuyengine.com/onsite/js/rebuy.js?shop=decathlon-usa.myshopify.com (1)
[9636:5480:0727/232836.091:INFO:CONSOLE:1] "Rebuy JS is already loaded.", source: https://cdn.rebuyengine.com/onsite/js/rebuy.js?shop=decathlon-usa.myshopify.com (1)
[9636:5480:0727/232836.092:INFO:CONSOLE:1] "Rebuy JS is already loaded.", source: https://cdn.rebuyengine.com/onsite/js/rebuy.js?shop=decathlon-usa.myshopify.com (1)
[9636:5480:0727/232836.092:INFO:CONSOLE:1] "Rebuy JS is already loaded.", source: https://cdn.rebuyengine.com/onsite/js/rebuy.js?shop=decathlon-usa.myshopify.com (1)
[9636:5480:0727/232836.092:INFO:CONSOLE:1] "Rebuy JS is already loaded.", source: https://cdn.rebuyengine.com/onsite/js/rebuy.js?shop=decathlon-usa.myshopify.com (1)
[9636:5480:0727/232836.092:INFO:CONSOLE:1] "Rebuy JS is already loaded.", source: https://cdn.rebuyengine.com/onsite/js/rebuy.js?shop=decathlon-usa.myshopify.com (1)
[9636:5480:0727/232836.093:INFO:CONSOLE:1] "Rebuy JS is already loaded.", source: https://cdn.rebuyengine.com/onsite/js/rebuy.js?shop=decathlon-usa.myshopify.com (1)
[9636:5480:0727/232836.093:INFO:CONSOLE:1] "Rebuy JS is already loaded.", source: https://cdn.rebuyengine.com/onsite/js/rebuy.js?shop=decathlon-usa.myshopify.com (1)
[9636:5480:0727/232836.093:INFO:CONSOLE:1] "Rebuy JS is already loaded.", source: https://cdn.rebuyengine.com/onsite/js/rebuy.js?shop=decathlon-usa.myshopify.com (1)
[9636:5480:0727/232836.093:INFO:CONSOLE:1] "Rebuy JS is already loaded.", source: https://cdn.rebuyengine.com/onsite/js/rebuy.js?shop=decathlon-usa.myshopify.com (1)
[9636:5480:0727/232836.094:INFO:CONSOLE:1] "Rebuy JS is already loaded.", source: https://cdn.rebuyengine.com/onsite/js/rebuy.js?shop=decathlon-usa.myshopify.com (1)
[9636:5480:0727/232836.094:INFO:CONSOLE:1] "Rebuy JS is already loaded.", source: https://cdn.rebuyengine.com/onsite/js/rebuy.js?shop=decathlon-usa.myshopify.com (1)
[9636:5480:0727/232836.095:INFO:CONSOLE:1] "Rebuy JS is already loaded.", source: https://cdn.rebuyengine.com/onsite/js/rebuy.js?shop=decathlon-usa.myshopify.com (1)
[9636:5480:0727/232836.095:INFO:CONSOLE:1] "Rebuy JS is already loaded.", source: https://cdn.rebuyengine.com/onsite/js/rebuy.js?shop=decathlon-usa.myshopify.com (1)
[9636:5480:0727/232836.095:INFO:CONSOLE:1] "Rebuy JS is already loaded.", source: https://cdn.rebuyengine.com/onsite/js/rebuy.js?shop=decathlon-usa.myshopify.com (1)
[9636:5480:0727/232836.095:INFO:CONSOLE:1] "Rebuy JS is already loaded.", source: https://cdn.rebuyengine.com/onsite/js/rebuy.js?shop=decathlon-usa.myshopify.com (1)
[9636:5480:0727/232836.096:INFO:CONSOLE:1] "Rebuy JS is already loaded.", source: https://cdn.rebuyengine.com/onsite/js/rebuy.js?shop=decathlon-usa.myshopify.com (1)
[9636:5480:0727/232836.096:INFO:CONSOLE:1] "Rebuy JS is already loaded.", source: https://cdn.rebuyengine.com/onsite/js/rebuy.js?shop=decathlon-usa.myshopify.com (1)
[9636:5480:0727/232836.096:INFO:CONSOLE:1] "Rebuy JS is already loaded.", source: https://cdn.rebuyengine.com/onsite/js/rebuy.js?shop=decathlon-usa.myshopify.com (1)
[9636:5480:0727/232836.097:INFO:CONSOLE:1] "Rebuy JS is already loaded.", source: https://cdn.rebuyengine.com/onsite/js/rebuy.js?shop=decathlon-usa.myshopify.com (1)
[9636:5480:0727/232836.097:INFO:CONSOLE:1] "Rebuy JS is already loaded.", source: https://cdn.rebuyengine.com/onsite/js/rebuy.js?shop=decathlon-usa.myshopify.com (1)
[9636:5480:0727/232836.097:INFO:CONSOLE:1] "Rebuy JS is already loaded.", source: https://cdn.rebuyengine.com/onsite/js/rebuy.js?shop=decathlon-usa.myshopify.com (1)
[9636:5480:0727/232836.098:INFO:CONSOLE:1] "Rebuy JS is already loaded.", source: https://cdn.rebuyengine.com/onsite/js/rebuy.js?shop=decathlon-usa.myshopify.com (1)
[9636:5480:0727/232836.098:INFO:CONSOLE:1] "Rebuy JS is already loaded.", source: https://cdn.rebuyengine.com/onsite/js/rebuy.js?shop=decathlon-usa.myshopify.com (1)
[9636:5480:0727/232836.098:INFO:CONSOLE:1] "Rebuy JS is already loaded.", source: https://cdn.rebuyengine.com/onsite/js/rebuy.js?shop=decathlon-usa.myshopify.com (1)
[9636:5480:0727/232836.099:INFO:CONSOLE:1] "Rebuy JS is already loaded.", source: https://cdn.rebuyengine.com/onsite/js/rebuy.js?shop=decathlon-usa.myshopify.com (1)
[9636:5480:0727/232836.099:INFO:CONSOLE:1] "Rebuy JS is already loaded.", source: https://cdn.rebuyengine.com/onsite/js/rebuy.js?shop=decathlon-usa.myshopify.com (1)
[9636:5480:0727/232836.099:INFO:CONSOLE:1] "Rebuy JS is already loaded.", source: https://cdn.rebuyengine.com/onsite/js/rebuy.js?shop=decathlon-usa.myshopify.com (1)
[9636:5480:0727/232836.100:INFO:CONSOLE:1] "Rebuy JS is already loaded.", source: https://cdn.rebuyengine.com/onsite/js/rebuy.js?shop=decathlon-usa.myshopify.com (1)
[9636:5480:0727/232836.100:INFO:CONSOLE:1] "Rebuy JS is already loaded.", source: https://cdn.rebuyengine.com/onsite/js/rebuy.js?shop=decathlon-usa.myshopify.com (1)
[9636:5480:0727/232836.101:INFO:CONSOLE:1] "Rebuy JS is already loaded.", source: https://cdn.rebuyengine.com/onsite/js/rebuy.js?shop=decathlon-usa.myshopify.com (1)
[9636:5480:0727/232836.101:INFO:CONSOLE:1] "Rebuy JS is already loaded.", source: https://cdn.rebuyengine.com/onsite/js/rebuy.js?shop=decathlon-usa.myshopify.com (1)
[9636:5480:0727/232836.101:INFO:CONSOLE:1] "Rebuy JS is already loaded.", source: https://cdn.rebuyengine.com/onsite/js/rebuy.js?shop=decathlon-usa.myshopify.com (1)
[9636:5480:0727/232836.101:INFO:CONSOLE:1] "Rebuy JS is already loaded.", source: https://cdn.rebuyengine.com/onsite/js/rebuy.js?shop=decathlon-usa.myshopify.com (1)
[9636:5480:0727/232836.102:INFO:CONSOLE:1] "Rebuy JS is already loaded.", source: https://cdn.rebuyengine.com/onsite/js/rebuy.js?shop=decathlon-usa.myshopify.com (1)
[9636:5480:0727/232836.102:INFO:CONSOLE:1] "Rebuy JS is already loaded.", source: https://cdn.rebuyengine.com/onsite/js/rebuy.js?shop=decathlon-usa.myshopify.com (1)
[9636:5480:0727/232836.102:INFO:CONSOLE:1] "Rebuy JS is already loaded.", source: https://cdn.rebuyengine.com/onsite/js/rebuy.js?shop=decathlon-usa.myshopify.com (1)
[9636:5480:0727/232836.103:INFO:CONSOLE:1] "Rebuy JS is already loaded.", source: https://cdn.rebuyengine.com/onsite/js/rebuy.js?shop=decathlon-usa.myshopify.com (1)
[9636:5480:0727/232836.103:INFO:CONSOLE:1] "Rebuy JS is already loaded.", source: https://cdn.rebuyengine.com/onsite/js/rebuy.js?shop=decathlon-usa.myshopify.com (1)
[9636:5480:0727/232836.103:INFO:CONSOLE:1] "Rebuy JS is already loaded.", source: https://cdn.rebuyengine.com/onsite/js/rebuy.js?shop=decathlon-usa.myshopify.com (1)
[9636:5480:0727/232836.103:INFO:CONSOLE:1] "Rebuy JS is already loaded.", source: https://cdn.rebuyengine.com/onsite/js/rebuy.js?shop=decathlon-usa.myshopify.com (1)
[9636:5480:0727/232836.104:INFO:CONSOLE:1] "Rebuy JS is already loaded.", source: https://cdn.rebuyengine.com/onsite/js/rebuy.js?shop=decathlon-usa.myshopify.com (1)
[9636:5480:0727/232836.104:INFO:CONSOLE:1] "Rebuy JS is already loaded.", source: https://cdn.rebuyengine.com/onsite/js/rebuy.js?shop=decathlon-usa.myshopify.com (1)
[9636:5480:0727/232836.104:INFO:CONSOLE:1] "Rebuy JS is already loaded.", source: https://cdn.rebuyengine.com/onsite/js/rebuy.js?shop=decathlon-usa.myshopify.com (1)
[9636:5480:0727/232836.104:INFO:CONSOLE:1] "Rebuy JS is already loaded.", source: https://cdn.rebuyengine.com/onsite/js/rebuy.js?shop=decathlon-usa.myshopify.com (1)
[9636:5480:0727/232836.105:INFO:CONSOLE:1] "Rebuy JS is already loaded.", source: https://cdn.rebuyengine.com/onsite/js/rebuy.js?shop=decathlon-usa.myshopify.com (1)
[9636:5480:0727/232836.105:INFO:CONSOLE:1] "Rebuy JS is already loaded.", source: https://cdn.rebuyengine.com/onsite/js/rebuy.js?shop=decathlon-usa.myshopify.com (1)
[9636:5480:0727/232836.105:INFO:CONSOLE:1] "Rebuy JS is already loaded.", source: https://cdn.rebuyengine.com/onsite/js/rebuy.js?shop=decathlon-usa.myshopify.com (1)
[9636:5480:0727/232836.105:INFO:CONSOLE:1] "Rebuy JS is already loaded.", source: https://cdn.rebuyengine.com/onsite/js/rebuy.js?shop=decathlon-usa.myshopify.com (1)
[9636:5480:0727/232836.106:INFO:CONSOLE:1] "Rebuy JS is already loaded.", source: https://cdn.rebuyengine.com/onsite/js/rebuy.js?shop=decathlon-usa.myshopify.com (1)
[9636:5480:0727/232836.106:INFO:CONSOLE:1] "Rebuy JS is already loaded.", source: https://cdn.rebuyengine.com/onsite/js/rebuy.js?shop=decathlon-usa.myshopify.com (1)
[9636:5480:0727/232836.106:INFO:CONSOLE:1] "Rebuy JS is already loaded.", source: https://cdn.rebuyengine.com/onsite/js/rebuy.js?shop=decathlon-usa.myshopify.com (1)
[9636:5480:0727/232836.106:INFO:CONSOLE:1] "Rebuy JS is already loaded.", source: https://cdn.rebuyengine.com/onsite/js/rebuy.js?shop=decathlon-usa.myshopify.com (1)
[9636:5480:0727/232836.107:INFO:CONSOLE:1] "Rebuy JS is already loaded.", source: https://cdn.rebuyengine.com/onsite/js/rebuy.js?shop=decathlon-usa.myshopify.com (1)
[9636:5480:0727/232836.107:INFO:CONSOLE:1] "Rebuy JS is already loaded.", source: https://cdn.rebuyengine.com/onsite/js/rebuy.js?shop=decathlon-usa.myshopify.com (1)
[9636:5480:0727/232836.108:INFO:CONSOLE:1] "Rebuy JS is already loaded.", source: https://cdn.rebuyengine.com/onsite/js/rebuy.js?shop=decathlon-usa.myshopify.com (1)
[9636:5480:0727/232836.108:INFO:CONSOLE:1] "Rebuy JS is already loaded.", source: https://cdn.rebuyengine.com/onsite/js/rebuy.js?shop=decathlon-usa.myshopify.com (1)
[9636:5480:0727/232836.108:INFO:CONSOLE:1] "Rebuy JS is already loaded.", source: https://cdn.rebuyengine.com/onsite/js/rebuy.js?shop=decathlon-usa.myshopify.com (1)
[21992:26152:0727/232836.117:WARNING:net\dns\host_resolver_dns_task.cc:948] Address list empty after RFC3484 sort
[21992:26152:0727/232836.117:WARNING:net\dns\host_resolver_dns_task.cc:948] Address list empty after RFC3484 sort
[9636:5480:0727/232836.120:INFO:CONSOLE:1] "[GORGIAS-CHAT] Another chat was detected. Check that you did not add Gorgias chat snippet twice. [object Object]", source: https://config.gorgias.chat/bundle-loader/01GYCBSN7PHYA9DS6ASWZGWX22?source=shopify1click&shop=decathlon-usa.myshopify.com (1)
[9636:5480:0727/232836.122:INFO:CONSOLE:1] "Already loaded for account TEJqNp. Skipping account Uz9CmY.", source: https://static.klaviyo.com/onsite/js/klaviyo.js?company_id=Uz9CmY&shop=decathlon-usa.myshopify.com (1)
[9636:5480:0727/232836.122:INFO:CONSOLE:1] "Already loaded for account TEJqNp. Skipping account Uz9CmY.", source: https://static.klaviyo.com/onsite/js/klaviyo.js?company_id=Uz9CmY&shop=decathlon-usa.myshopify.com (1)
[21992:26152:0727/232836.123:WARNING:net\dns\host_resolver_dns_task.cc:948] Address list empty after RFC3484 sort
[21992:26152:0727/232836.123:WARNING:net\dns\host_resolver_dns_task.cc:948] Address list empty after RFC3484 sort
[21992:26152:0727/232836.124:ERROR:services\network\p2p\socket_manager.cc:137] Failed to resolve address for stun1.l.google.com., errorcode: -105
[21992:26152:0727/232836.124:ERROR:services\network\p2p\socket_manager.cc:137] Failed to resolve address for stun1.l.google.com., errorcode: -105
[21992:26152:0727/232836.124:ERROR:services\network\p2p\socket_manager.cc:137] Failed to resolve address for stun1.l.google.com., errorcode: -105
[21992:26152:0727/232836.124:ERROR:services\network\p2p\socket_manager.cc:137] Failed to resolve address for stun.l.google.com., errorcode: -105
[21992:26152:0727/232836.124:ERROR:services\network\p2p\socket_manager.cc:137] Failed to resolve address for stun.l.google.com., errorcode: -105
[21992:26152:0727/232836.124:ERROR:services\network\p2p\socket_manager.cc:137] Failed to resolve address for stun.l.google.com., errorcode: -105
[22100:2812:0727/232836.128:WARNING:third_party\webrtc\p2p\base\stun_port.cc:470] Port[11dc700:0:1:0:host:Net[any:0:0:0:x:x:x:x:x/0:Wildcard:id=0]]: StunPort: stun host lookup received error -1
[22100:2812:0727/232836.129:WARNING:third_party\webrtc\p2p\base\stun_port.cc:470] Port[11dce00:1:1:0:host:Net[any:0:0:0:x:x:x:x:x/0:Wildcard:id=0]]: StunPort: stun host lookup received error -1
[22100:2812:0727/232836.129:WARNING:third_party\webrtc\p2p\base\stun_port.cc:470] Port[11dd500:2:1:0:host:Net[any:0:0:0:x:x:x:x:x/0:Wildcard:id=0]]: StunPort: stun host lookup received error -1
[22100:2812:0727/232836.129:WARNING:third_party\webrtc\p2p\base\stun_port.cc:470] Port[11dc700:0:1:0:host:Net[any:0:0:0:x:x:x:x:x/0:Wildcard:id=0]]: StunPort: stun host lookup received error -1
[22100:2812:0727/232836.129:WARNING:third_party\webrtc\p2p\base\stun_port.cc:470] Port[11dce00:1:1:0:host:Net[any:0:0:0:x:x:x:x:x/0:Wildcard:id=0]]: StunPort: stun host lookup received error -1
[22100:2812:0727/232836.129:WARNING:third_party\webrtc\p2p\base\stun_port.cc:470] Port[11dd500:2:1:0:host:Net[any:0:0:0:x:x:x:x:x/0:Wildcard:id=0]]: StunPort: stun host lookup received error -1
[9636:5480:0727/232836.130:INFO:CONSOLE:1] "🚫 Bundle rev-script-bundle is already loaded", source: https://media.9gtb.com/loader.js?g_cvt_id=a110def0-d58e-4319-a849-6fd60afa15fe&shop=decathlon-usa.myshopify.com (1)
[9636:5480:0727/232836.237:INFO:CONSOLE:4] "[esc-size-matters] Preinstall check", source: https://size-guides-prod.esc-apps-cdn.com/1773844786-app.decathlon-usa.myshopify.com.js?shop=decathlon-usa.myshopify.com (4)
[9636:5480:0727/232836.239:INFO:CONSOLE:4] "[esc-size-matters] Loading app", source: https://size-guides-prod.esc-apps-cdn.com/1773844786-app.decathlon-usa.myshopify.com.js?shop=decathlon-usa.myshopify.com (4)
[9636:5480:0727/232836.536:INFO:CONSOLE:1] "Rendering was performed in a subtree hidden by content-visibility.", source: https://cdn.shopify.com/shopifycloud/shop-js/modules/v2/chunk.colors_Cs7EgwvK.esm.js (1)
[9636:5480:0727/232836.557:INFO:CONSOLE:1] "Rendering was performed in a subtree hidden by content-visibility.", source: https://cdn.shopify.com/shopifycloud/shop-js/modules/v2/chunk.index_5JhH8hi3.esm.js (1)
[14068:2224:0727/232836.625:INFO:third_party\blink\renderer\modules\peerconnection\peer_connection_dependency_factory.cc:940] Running WebRTC with a combined Network and Worker thread.
[14068:11392:0727/232836.640:INFO:third_party\blink\renderer\platform\p2p\ipc_socket_factory.cc:575] Setting new p2p socket buffer limit to 262144
[14068:11392:0727/232836.640:INFO:third_party\blink\renderer\platform\p2p\ipc_socket_factory.cc:575] Setting new p2p socket buffer limit to 262144
[21992:26152:0727/232836.673:WARNING:net\dns\host_resolver_dns_task.cc:948] Address list empty after RFC3484 sort
[21992:26152:0727/232836.673:WARNING:net\dns\host_resolver_dns_task.cc:948] Address list empty after RFC3484 sort
[21992:26152:0727/232836.673:WARNING:net\dns\host_resolver_dns_task.cc:948] Address list empty after RFC3484 sort
[21992:26152:0727/232836.676:WARNING:net\dns\host_resolver_dns_task.cc:948] Address list empty after RFC3484 sort
[21992:26152:0727/232836.676:WARNING:net\dns\host_resolver_dns_task.cc:948] Address list empty after RFC3484 sort
[21992:26152:0727/232836.676:WARNING:net\dns\host_resolver_dns_task.cc:948] Address list empty after RFC3484 sort
[21992:26152:0727/232836.676:ERROR:services\network\p2p\socket_manager.cc:137] Failed to resolve address for stun.l.google.com., errorcode: -105
[14068:11392:0727/232836.678:WARNING:third_party\webrtc\p2p\base\stun_port.cc:470] Port[137e680:0:1:0:host:Net[any:0:0:0:x:x:x:x:x/0:Wildcard:id=0]]: StunPort: stun host lookup received error -1
[21992:26152:0727/232836.678:ERROR:services\network\p2p\socket_manager.cc:137] Failed to resolve address for stun.l.google.com., errorcode: -105
[21992:26152:0727/232836.679:ERROR:services\network\p2p\socket_manager.cc:137] Failed to resolve address for stun.l.google.com., errorcode: -105
[21992:26152:0727/232836.679:ERROR:services\network\p2p\socket_manager.cc:137] Failed to resolve address for stun.cloudflare.com., errorcode: -105
[21992:26152:0727/232836.679:ERROR:services\network\p2p\socket_manager.cc:137] Failed to resolve address for stun.cloudflare.com., errorcode: -105
[21992:26152:0727/232836.679:ERROR:services\network\p2p\socket_manager.cc:137] Failed to resolve address for stun.cloudflare.com., errorcode: -105
[21992:26152:0727/232836.679:ERROR:services\network\p2p\socket_manager.cc:137] Failed to resolve address for stun1.l.google.com., errorcode: -105
[21992:26152:0727/232836.679:ERROR:services\network\p2p\socket_manager.cc:137] Failed to resolve address for stun1.l.google.com., errorcode: -105
[21992:26152:0727/232836.679:ERROR:services\network\p2p\socket_manager.cc:137] Failed to resolve address for stun1.l.google.com., errorcode: -105
[14068:11392:0727/232836.680:WARNING:third_party\webrtc\p2p\base\stun_port.cc:470] Port[1381780:1:1:0:host:Net[any:0:0:0:x:x:x:x:x/0:Wildcard:id=0]]: StunPort: stun host lookup received error -1
[14068:11392:0727/232836.680:WARNING:third_party\webrtc\p2p\base\stun_port.cc:470] Port[1381b00:2:1:0:host:Net[any:0:0:0:x:x:x:x:x/0:Wildcard:id=0]]: StunPort: stun host lookup received error -1
[14068:11392:0727/232836.681:WARNING:third_party\webrtc\p2p\base\stun_port.cc:470] Port[137e680:0:1:0:host:Net[any:0:0:0:x:x:x:x:x/0:Wildcard:id=0]]: StunPort: stun host lookup received error -1
[14068:11392:0727/232836.681:WARNING:third_party\webrtc\p2p\base\stun_port.cc:470] Port[1381780:1:1:0:host:Net[any:0:0:0:x:x:x:x:x/0:Wildcard:id=0]]: StunPort: stun host lookup received error -1
[14068:11392:0727/232836.681:WARNING:third_party\webrtc\p2p\base\stun_port.cc:470] Port[1381b00:2:1:0:host:Net[any:0:0:0:x:x:x:x:x/0:Wildcard:id=0]]: StunPort: stun host lookup received error -1
[14068:11392:0727/232836.681:WARNING:third_party\webrtc\p2p\base\stun_port.cc:470] Port[137e680:0:1:0:host:Net[any:0:0:0:x:x:x:x:x/0:Wildcard:id=0]]: StunPort: stun host lookup received error -1
[14068:11392:0727/232836.681:WARNING:third_party\webrtc\p2p\base\stun_port.cc:470] Port[1381780:1:1:0:host:Net[any:0:0:0:x:x:x:x:x/0:Wildcard:id=0]]: StunPort: stun host lookup received error -1
[14068:11392:0727/232836.681:WARNING:third_party\webrtc\p2p\base\stun_port.cc:470] Port[1381b00:2:1:0:host:Net[any:0:0:0:x:x:x:x:x/0:Wildcard:id=0]]: StunPort: stun host lookup received error -1
[9636:5480:0727/232836.949:INFO:CONSOLE:1] "OTS parsing error: Size of decompressed WOFF 2.0 is less than compressed size", source: https://challenges.cloudflare.com/cdn-cgi/challenge-platform/h/g/turnstile/f/av0/rch/ts3uu/0x4AAAAAAADnPIDROrmt1Wwj/light/fbE/new/normal?lang=auto (1)
[22100:21752:0727/232837.060:INFO:third_party\blink\renderer\modules\peerconnection\peer_connection_dependency_factory.cc:940] Running WebRTC with a combined Network and Worker thread.
[22100:2812:0727/232837.093:INFO:third_party\blink\renderer\platform\p2p\ipc_socket_factory.cc:575] Setting new p2p socket buffer limit to 262144
[22100:2812:0727/232837.094:INFO:third_party\blink\renderer\platform\p2p\ipc_socket_factory.cc:575] Setting new p2p socket buffer limit to 262144
[21992:26152:0727/232837.112:WARNING:net\dns\host_resolver_dns_task.cc:948] Address list empty after RFC3484 sort
[21992:26152:0727/232837.113:WARNING:net\dns\host_resolver_dns_task.cc:948] Address list empty after RFC3484 sort
[21992:26152:0727/232837.114:WARNING:net\dns\host_resolver_dns_task.cc:948] Address list empty after RFC3484 sort
[21992:26152:0727/232837.115:ERROR:services\network\p2p\socket_manager.cc:137] Failed to resolve address for stun.cloudflare.com., errorcode: -105
[21992:26152:0727/232837.116:ERROR:services\network\p2p\socket_manager.cc:137] Failed to resolve address for stun.cloudflare.com., errorcode: -105
[21992:26152:0727/232837.116:ERROR:services\network\p2p\socket_manager.cc:137] Failed to resolve address for stun.cloudflare.com., errorcode: -105
[21992:26152:0727/232837.116:WARNING:net\dns\host_resolver_dns_task.cc:948] Address list empty after RFC3484 sort
[21992:26152:0727/232837.117:ERROR:services\network\p2p\socket_manager.cc:137] Failed to resolve address for stun.l.google.com., errorcode: -105
[21992:26152:0727/232837.117:ERROR:services\network\p2p\socket_manager.cc:137] Failed to resolve address for stun.l.google.com., errorcode: -105
[21992:26152:0727/232837.117:ERROR:services\network\p2p\socket_manager.cc:137] Failed to resolve address for stun.l.google.com., errorcode: -105
[21992:26152:0727/232837.144:WARNING:net\dns\host_resolver_dns_task.cc:948] Address list empty after RFC3484 sort
[21992:26152:0727/232837.147:WARNING:net\dns\host_resolver_dns_task.cc:948] Address list empty after RFC3484 sort
[21992:26152:0727/232837.148:ERROR:services\network\p2p\socket_manager.cc:137] Failed to resolve address for stun1.l.google.com., errorcode: -105
[21992:26152:0727/232837.148:ERROR:services\network\p2p\socket_manager.cc:137] Failed to resolve address for stun1.l.google.com., errorcode: -105
[21992:26152:0727/232837.149:ERROR:services\network\p2p\socket_manager.cc:137] Failed to resolve address for stun1.l.google.com., errorcode: -105
[9636:5480:0727/232837.470:INFO:CONSOLE:1] "Uncaught (in promise) SyntaxError: Unexpected token '<', "<!DOCTYPE "... is not valid JSON", source: https://www.decathlon.com/collections/mens-down-jackets (1)
[22100:2812:0727/232837.756:WARNING:third_party\webrtc\p2p\base\stun_port.cc:470] Port[2a6e200:0:1:0:host:Net[any:0:0:0:x:x:x:x:x/0:Wildcard:id=0]]: StunPort: stun host lookup received error -1
[22100:2812:0727/232837.869:WARNING:third_party\webrtc\p2p\base\stun_port.cc:470] Port[2a6e900:1:1:0:host:Net[any:0:0:0:x:x:x:x:x/0:Wildcard:id=0]]: StunPort: stun host lookup received error -1
[22100:2812:0727/232837.869:WARNING:third_party\webrtc\p2p\base\stun_port.cc:470] Port[2ad4000:2:1:0:host:Net[any:0:0:0:x:x:x:x:x/0:Wildcard:id=0]]: StunPort: stun host lookup received error -1
[22100:2812:0727/232837.869:WARNING:third_party\webrtc\p2p\base\stun_port.cc:470] Port[2a6e200:0:1:0:host:Net[any:0:0:0:x:x:x:x:x/0:Wildcard:id=0]]: StunPort: stun host lookup received error -1
[22100:2812:0727/232837.869:WARNING:third_party\webrtc\p2p\base\stun_port.cc:470] Port[2a6e900:1:1:0:host:Net[any:0:0:0:x:x:x:x:x/0:Wildcard:id=0]]: StunPort: stun host lookup received error -1
[22100:2812:0727/232837.869:WARNING:third_party\webrtc\p2p\base\stun_port.cc:470] Port[2ad4000:2:1:0:host:Net[any:0:0:0:x:x:x:x:x/0:Wildcard:id=0]]: StunPort: stun host lookup received error -1
[22100:2812:0727/232837.869:WARNING:third_party\webrtc\p2p\base\stun_port.cc:470] Port[2a6e200:0:1:0:host:Net[any:0:0:0:x:x:x:x:x/0:Wildcard:id=0]]: StunPort: stun host lookup received error -1
[22100:2812:0727/232837.869:WARNING:third_party\webrtc\p2p\base\stun_port.cc:470] Port[2a6e900:1:1:0:host:Net[any:0:0:0:x:x:x:x:x/0:Wildcard:id=0]]: StunPort: stun host lookup received error -1
[22100:2812:0727/232837.869:WARNING:third_party\webrtc\p2p\base\stun_port.cc:470] Port[2ad4000:2:1:0:host:Net[any:0:0:0:x:x:x:x:x/0:Wildcard:id=0]]: StunPort: stun host lookup received error -1
[9636:5480:0727/232837.992:INFO:CONSOLE:1] "Error", source: https://challenges.cloudflare.com/cdn-cgi/challenge-platform/h/g/turnstile/f/av0/rch/ts3uu/0x4AAAAAAADnPIDROrmt1Wwj/light/fbE/new/normal?lang=auto (1)
[9636:5480:0727/232837.997:INFO:CONSOLE:1] "mnINm4", source: https://challenges.cloudflare.com/cdn-cgi/challenge-platform/h/g/turnstile/f/av0/rch/ts3uu/0x4AAAAAAADnPIDROrmt1Wwj/light/fbE/new/normal?lang=auto (1)
[9636:5480:0727/232837.997:INFO:CONSOLE:1] "mnINm4", source: https://challenges.cloudflare.com/cdn-cgi/challenge-platform/h/g/turnstile/f/av0/rch/ts3uu/0x4AAAAAAADnPIDROrmt1Wwj/light/fbE/new/normal?lang=auto (1)
[9636:5480:0727/232837.997:INFO:CONSOLE:1] "ZYTq3", source: https://challenges.cloudflare.com/cdn-cgi/challenge-platform/h/g/turnstile/f/av0/rch/ts3uu/0x4AAAAAAADnPIDROrmt1Wwj/light/fbE/new/normal?lang=auto (1)
[9636:5480:0727/232837.997:INFO:CONSOLE:1] "ZYTq3", source: https://challenges.cloudflare.com/cdn-cgi/challenge-platform/h/g/turnstile/f/av0/rch/ts3uu/0x4AAAAAAADnPIDROrmt1Wwj/light/fbE/new/normal?lang=auto (1)
[9636:5480:0727/232837.998:INFO:CONSOLE:1] "[object HTMLAnchorElement]", source: https://challenges.cloudflare.com/cdn-cgi/challenge-platform/h/g/turnstile/f/av0/rch/ts3uu/0x4AAAAAAADnPIDROrmt1Wwj/light/fbE/new/normal?lang=auto (1)
[9636:5480:0727/232837.998:INFO:CONSOLE:1] "[object HTMLAnchorElement]", source: https://challenges.cloudflare.com/cdn-cgi/challenge-platform/h/g/turnstile/f/av0/rch/ts3uu/0x4AAAAAAADnPIDROrmt1Wwj/light/fbE/new/normal?lang=auto (1)
[9636:5480:0727/232837.999:INFO:CONSOLE:1] " : 1", source: https://challenges.cloudflare.com/cdn-cgi/challenge-platform/h/g/turnstile/f/av0/rch/ts3uu/0x4AAAAAAADnPIDROrmt1Wwj/light/fbE/new/normal?lang=auto (1)
[9636:5480:0727/232837.999:INFO:CONSOLE:1] " : 1", source: https://challenges.cloudflare.com/cdn-cgi/challenge-platform/h/g/turnstile/f/av0/rch/ts3uu/0x4AAAAAAADnPIDROrmt1Wwj/light/fbE/new/normal?lang=auto (1)
[9636:5480:0727/232837.999:INFO:CONSOLE:1] "%c%d font-size:0;color:transparent NaN", source: https://challenges.cloudflare.com/cdn-cgi/challenge-platform/h/g/turnstile/f/av0/rch/ts3uu/0x4AAAAAAADnPIDROrmt1Wwj/light/fbE/new/normal?lang=auto (1)
[9636:5480:0727/232837.999:INFO:CONSOLE:1] "%c%d font-size:0;color:transparent NaN", source: https://challenges.cloudflare.com/cdn-cgi/challenge-platform/h/g/turnstile/f/av0/rch/ts3uu/0x4AAAAAAADnPIDROrmt1Wwj/light/fbE/new/normal?lang=auto (1)
[9636:5480:0727/232837.999:INFO:CONSOLE:1] " izHa3: FZszM4", source: https://challenges.cloudflare.com/cdn-cgi/challenge-platform/h/g/turnstile/f/av0/rch/ts3uu/0x4AAAAAAADnPIDROrmt1Wwj/light/fbE/new/normal?lang=auto (1)
[9636:5480:0727/232838.000:INFO:CONSOLE:1] " izHa3: FZszM4", source: https://challenges.cloudflare.com/cdn-cgi/challenge-platform/h/g/turnstile/f/av0/rch/ts3uu/0x4AAAAAAADnPIDROrmt1Wwj/light/fbE/new/normal?lang=auto (1)
[9636:5480:0727/232838.000:INFO:CONSOLE:1] "%c%d font-size:0;color:transparent izHa3: FZszM4", source: https://challenges.cloudflare.com/cdn-cgi/challenge-platform/h/g/turnstile/f/av0/rch/ts3uu/0x4AAAAAAADnPIDROrmt1Wwj/light/fbE/new/normal?lang=auto (1)
[9636:5480:0727/232838.000:INFO:CONSOLE:1] "%c%d font-size:0;color:transparent izHa3: FZszM4", source: https://challenges.cloudflare.com/cdn-cgi/challenge-platform/h/g/turnstile/f/av0/rch/ts3uu/0x4AAAAAAADnPIDROrmt1Wwj/light/fbE/new/normal?lang=auto (1)
[9636:5480:0727/232838.000:INFO:CONSOLE:1] "%c%d font-size:0;color:transparent NaN", source: https://challenges.cloudflare.com/cdn-cgi/challenge-platform/h/g/turnstile/f/av0/rch/ts3uu/0x4AAAAAAADnPIDROrmt1Wwj/light/fbE/new/normal?lang=auto (1)
[9636:5480:0727/232838.000:INFO:CONSOLE:1] "%c%d font-size:0;color:transparent NaN", source: https://challenges.cloudflare.com/cdn-cgi/challenge-platform/h/g/turnstile/f/av0/rch/ts3uu/0x4AAAAAAADnPIDROrmt1Wwj/light/fbE/new/normal?lang=auto (1)
[9636:5480:0727/232838.001:INFO:CONSOLE:1] "%c%d font-size:0;color:transparent NaN", source: https://challenges.cloudflare.com/cdn-cgi/challenge-platform/h/g/turnstile/f/av0/rch/ts3uu/0x4AAAAAAADnPIDROrmt1Wwj/light/fbE/new/normal?lang=auto (1)
[9636:5480:0727/232838.001:INFO:CONSOLE:1] "%c%d font-size:0;color:transparent NaN", source: https://challenges.cloudflare.com/cdn-cgi/challenge-platform/h/g/turnstile/f/av0/rch/ts3uu/0x4AAAAAAADnPIDROrmt1Wwj/light/fbE/new/normal?lang=auto (1)
[9636:5480:0727/232838.001:INFO:CONSOLE:1] "%c%d font-size:0;color:transparent NaN", source: https://challenges.cloudflare.com/cdn-cgi/challenge-platform/h/g/turnstile/f/av0/rch/ts3uu/0x4AAAAAAADnPIDROrmt1Wwj/light/fbE/new/normal?lang=auto (1)
[9636:5480:0727/232838.001:INFO:CONSOLE:1] "%c%d font-size:0;color:transparent NaN", source: https://challenges.cloudflare.com/cdn-cgi/challenge-platform/h/g/turnstile/f/av0/rch/ts3uu/0x4AAAAAAADnPIDROrmt1Wwj/light/fbE/new/normal?lang=auto (1)
[9636:5480:0727/232838.001:INFO:CONSOLE:1] "%c%d font-size:0;color:transparent izHa3: FZszM4", source: https://challenges.cloudflare.com/cdn-cgi/challenge-platform/h/g/turnstile/f/av0/rch/ts3uu/0x4AAAAAAADnPIDROrmt1Wwj/light/fbE/new/normal?lang=auto (1)
[9636:5480:0727/232838.002:INFO:CONSOLE:1] "%c%d font-size:0;color:transparent izHa3: FZszM4", source: https://challenges.cloudflare.com/cdn-cgi/challenge-platform/h/g/turnstile/f/av0/rch/ts3uu/0x4AAAAAAADnPIDROrmt1Wwj/light/fbE/new/normal?lang=auto (1)
[9636:5480:0727/232838.002:INFO:CONSOLE:1] "%c%d font-size:0;color:transparent NaN", source: https://challenges.cloudflare.com/cdn-cgi/challenge-platform/h/g/turnstile/f/av0/rch/ts3uu/0x4AAAAAAADnPIDROrmt1Wwj/light/fbE/new/normal?lang=auto (1)
[9636:5480:0727/232838.002:INFO:CONSOLE:1] "%c%d font-size:0;color:transparent NaN", source: https://challenges.cloudflare.com/cdn-cgi/challenge-platform/h/g/turnstile/f/av0/rch/ts3uu/0x4AAAAAAADnPIDROrmt1Wwj/light/fbE/new/normal?lang=auto (1)
[9636:5480:0727/232838.002:INFO:CONSOLE:1] "%c%d font-size:0;color:transparent NaN", source: https://challenges.cloudflare.com/cdn-cgi/challenge-platform/h/g/turnstile/f/av0/rch/ts3uu/0x4AAAAAAADnPIDROrmt1Wwj/light/fbE/new/normal?lang=auto (1)
[9636:5480:0727/232838.002:INFO:CONSOLE:1] "%c%d font-size:0;color:transparent NaN", source: https://challenges.cloudflare.com/cdn-cgi/challenge-platform/h/g/turnstile/f/av0/rch/ts3uu/0x4AAAAAAADnPIDROrmt1Wwj/light/fbE/new/normal?lang=auto (1)
[9636:5480:0727/232838.004:INFO:CONSOLE:1] "console.groupEnd", source: https://challenges.cloudflare.com/cdn-cgi/challenge-platform/h/g/turnstile/f/av0/rch/ts3uu/0x4AAAAAAADnPIDROrmt1Wwj/light/fbE/new/normal?lang=auto (1)
[9636:5480:0727/232838.621:INFO:CONSOLE:1] "WebGL: INVALID_ENUM: getInternalformatParameter: invalid internalformat", source: https://challenges.cloudflare.com/cdn-cgi/challenge-platform/h/g/turnstile/f/av0/rch/ts3uu/0x4AAAAAAADnPIDROrmt1Wwj/light/fbE/new/normal?lang=auto (1)
[9636:5480:0727/232838.623:INFO:CONSOLE:1] "WebGL: INVALID_ENUM: getInternalformatParameter: invalid internalformat", source: https://challenges.cloudflare.com/cdn-cgi/challenge-platform/h/g/turnstile/f/av0/rch/ts3uu/0x4AAAAAAADnPIDROrmt1Wwj/light/fbE/new/normal?lang=auto (1)
[9636:5480:0727/232838.625:INFO:CONSOLE:1] "WebGL: INVALID_ENUM: getInternalformatParameter: invalid internalformat", source: https://challenges.cloudflare.com/cdn-cgi/challenge-platform/h/g/turnstile/f/av0/rch/ts3uu/0x4AAAAAAADnPIDROrmt1Wwj/light/fbE/new/normal?lang=auto (1)
[9636:5480:0727/232838.625:INFO:CONSOLE:1] "WebGL: INVALID_ENUM: getInternalformatParameter: invalid internalformat", source: https://challenges.cloudflare.com/cdn-cgi/challenge-platform/h/g/turnstile/f/av0/rch/ts3uu/0x4AAAAAAADnPIDROrmt1Wwj/light/fbE/new/normal?lang=auto (1)
[9636:5480:0727/232838.626:INFO:CONSOLE:1] "WebGL: INVALID_ENUM: getInternalformatParameter: invalid internalformat", source: https://challenges.cloudflare.com/cdn-cgi/challenge-platform/h/g/turnstile/f/av0/rch/ts3uu/0x4AAAAAAADnPIDROrmt1Wwj/light/fbE/new/normal?lang=auto (1)
[9636:5480:0727/232838.626:INFO:CONSOLE:1] "WebGL: INVALID_ENUM: getInternalformatParameter: invalid internalformat", source: https://challenges.cloudflare.com/cdn-cgi/challenge-platform/h/g/turnstile/f/av0/rch/ts3uu/0x4AAAAAAADnPIDROrmt1Wwj/light/fbE/new/normal?lang=auto (1)
[9636:5480:0727/232838.626:INFO:CONSOLE:1] "WebGL: INVALID_ENUM: getInternalformatParameter: invalid internalformat", source: https://challenges.cloudflare.com/cdn-cgi/challenge-platform/h/g/turnstile/f/av0/rch/ts3uu/0x4AAAAAAADnPIDROrmt1Wwj/light/fbE/new/normal?lang=auto (1)
[9636:5480:0727/232838.626:INFO:CONSOLE:1] "WebGL: INVALID_ENUM: getInternalformatParameter: invalid internalformat", source: https://challenges.cloudflare.com/cdn-cgi/challenge-platform/h/g/turnstile/f/av0/rch/ts3uu/0x4AAAAAAADnPIDROrmt1Wwj/light/fbE/new/normal?lang=auto (1)
[9636:5480:0727/232838.627:INFO:CONSOLE:1] "WebGL: INVALID_ENUM: getInternalformatParameter: invalid internalformat", source: https://challenges.cloudflare.com/cdn-cgi/challenge-platform/h/g/turnstile/f/av0/rch/ts3uu/0x4AAAAAAADnPIDROrmt1Wwj/light/fbE/new/normal?lang=auto (1)
[9636:5480:0727/232838.627:INFO:CONSOLE:1] "WebGL: INVALID_ENUM: getInternalformatParameter: invalid internalformat", source: https://challenges.cloudflare.com/cdn-cgi/challenge-platform/h/g/turnstile/f/av0/rch/ts3uu/0x4AAAAAAADnPIDROrmt1Wwj/light/fbE/new/normal?lang=auto (1)
[9636:5480:0727/232838.659:INFO:CONSOLE:1] "WebGL: INVALID_ENUM: getInternalformatParameter: invalid internalformat", source: https://challenges.cloudflare.com/cdn-cgi/challenge-platform/h/g/turnstile/f/av0/rch/ts3uu/0x4AAAAAAADnPIDROrmt1Wwj/light/fbE/new/normal?lang=auto (1)
[9636:5480:0727/232838.663:INFO:CONSOLE:1] "WebGL: INVALID_ENUM: getInternalformatParameter: invalid internalformat when EXT_color_buffer_[half_]float is not enabled", source: https://challenges.cloudflare.com/cdn-cgi/challenge-platform/h/g/turnstile/f/av0/rch/ts3uu/0x4AAAAAAADnPIDROrmt1Wwj/light/fbE/new/normal?lang=auto (1)
[9636:5480:0727/232838.663:INFO:CONSOLE:1] "WebGL: INVALID_ENUM: getInternalformatParameter: invalid internalformat when EXT_color_buffer_float is not enabled", source: https://challenges.cloudflare.com/cdn-cgi/challenge-platform/h/g/turnstile/f/av0/rch/ts3uu/0x4AAAAAAADnPIDROrmt1Wwj/light/fbE/new/normal?lang=auto (1)
[9636:5480:0727/232838.663:INFO:CONSOLE:1] "WebGL: INVALID_ENUM: getInternalformatParameter: invalid internalformat when EXT_color_buffer_float is not enabled", source: https://challenges.cloudflare.com/cdn-cgi/challenge-platform/h/g/turnstile/f/av0/rch/ts3uu/0x4AAAAAAADnPIDROrmt1Wwj/light/fbE/new/normal?lang=auto (1)
[9636:5480:0727/232838.664:INFO:CONSOLE:1] "WebGL: INVALID_ENUM: getInternalformatParameter: invalid internalformat", source: https://challenges.cloudflare.com/cdn-cgi/challenge-platform/h/g/turnstile/f/av0/rch/ts3uu/0x4AAAAAAADnPIDROrmt1Wwj/light/fbE/new/normal?lang=auto (1)
[9636:5480:0727/232838.664:INFO:CONSOLE:1] "WebGL: INVALID_ENUM: getInternalformatParameter: invalid internalformat when EXT_color_buffer_[half_]float is not enabled", source: https://challenges.cloudflare.com/cdn-cgi/challenge-platform/h/g/turnstile/f/av0/rch/ts3uu/0x4AAAAAAADnPIDROrmt1Wwj/light/fbE/new/normal?lang=auto (1)
[9636:5480:0727/232838.664:INFO:CONSOLE:1] "WebGL: INVALID_ENUM: getInternalformatParameter: invalid internalformat when EXT_color_buffer_float is not enabled", source: https://challenges.cloudflare.com/cdn-cgi/challenge-platform/h/g/turnstile/f/av0/rch/ts3uu/0x4AAAAAAADnPIDROrmt1Wwj/light/fbE/new/normal?lang=auto (1)
[9636:5480:0727/232838.665:INFO:CONSOLE:1] "WebGL: INVALID_ENUM: getInternalformatParameter: invalid internalformat when EXT_color_buffer_[half_]float is not enabled", source: https://challenges.cloudflare.com/cdn-cgi/challenge-platform/h/g/turnstile/f/av0/rch/ts3uu/0x4AAAAAAADnPIDROrmt1Wwj/light/fbE/new/normal?lang=auto (1)
[9636:5480:0727/232838.666:INFO:CONSOLE:1] "WebGL: INVALID_ENUM: getInternalformatParameter: invalid internalformat when EXT_color_buffer_float is not enabled", source: https://challenges.cloudflare.com/cdn-cgi/challenge-platform/h/g/turnstile/f/av0/rch/ts3uu/0x4AAAAAAADnPIDROrmt1Wwj/light/fbE/new/normal?lang=auto (1)
[9636:5480:0727/232839.090:INFO:CONSOLE:1] "The powerPreference option is currently ignored when calling requestAdapter() on Windows. See https://crbug.com/369219127", source: https://challenges.cloudflare.com/cdn-cgi/challenge-platform/h/g/turnstile/f/av0/rch/ts3uu/0x4AAAAAAADnPIDROrmt1Wwj/light/fbE/new/normal?lang=auto (1)
[9636:5480:0727/232839.090:INFO:CONSOLE:1] "The powerPreference option is currently ignored when calling requestAdapter() on Windows. See https://crbug.com/369219127", source: https://challenges.cloudflare.com/cdn-cgi/challenge-platform/h/g/turnstile/f/av0/rch/ts3uu/0x4AAAAAAADnPIDROrmt1Wwj/light/fbE/new/normal?lang=auto (1)
[9636:12784:0727/232839.153:ERROR:google_apis\gcm\engine\registration_request.cc:291] Registration response error message: PHONE_REGISTRATION_ERROR
[9636:12784:0727/232839.155:ERROR:google_apis\gcm\engine\registration_request.cc:291] Registration response error message: PHONE_REGISTRATION_ERROR
[9636:12784:0727/232839.178:ERROR:google_apis\gcm\engine\registration_request.cc:291] Registration response error message: PHONE_REGISTRATION_ERROR
[9636:5480:0727/232839.505:INFO:CONSOLE:0] "Uncaught (in promise) AbortError: Transition was skipped", source: https://www.decathlon.com/products/simond-mt100-hooded-down-puffer-jacket-167571?variant=41320423129150&__cf_chl_rt_tk=48rfDDX0FFwQegcBlXkEjZfdlQl9YX.ERDV1RPNZQIA-1785187720-1.0.1.1-XaBgp3jb7p5F4DVYQQAz2ITApSwqmcPSJuW0NW5YcS8 (0)
[11620:11912:0727/232839.534:INFO:third_party\blink\renderer\modules\peerconnection\peer_connection_dependency_factory.cc:940] Running WebRTC with a combined Network and Worker thread.
[11620:21144:0727/232839.571:INFO:third_party\blink\renderer\platform\p2p\ipc_socket_factory.cc:575] Setting new p2p socket buffer limit to 262144
[11620:21144:0727/232839.571:INFO:third_party\blink\renderer\platform\p2p\ipc_socket_factory.cc:575] Setting new p2p socket buffer limit to 262144
[21992:26152:0727/232839.584:WARNING:net\dns\host_resolver_dns_task.cc:948] Address list empty after RFC3484 sort
[21992:26152:0727/232839.594:WARNING:net\dns\host_resolver_dns_task.cc:948] Address list empty after RFC3484 sort
[21992:26152:0727/232839.594:ERROR:services\network\p2p\socket_manager.cc:137] Failed to resolve address for stun.cloudflare.com., errorcode: -105
[11620:21144:0727/232839.595:WARNING:third_party\webrtc\p2p\base\stun_port.cc:470] Port[1026d80:0:1:0:host:Net[any:0:0:0:x:x:x:x:x/0:Wildcard:id=0]]: StunPort: stun host lookup received error -1
[21992:26152:0727/232839.595:ERROR:services\network\p2p\socket_manager.cc:137] Failed to resolve address for stun.cloudflare.com., errorcode: -105
[21992:26152:0727/232839.595:ERROR:services\network\p2p\socket_manager.cc:137] Failed to resolve address for stun.cloudflare.com., errorcode: -105
[11620:21144:0727/232839.595:WARNING:third_party\webrtc\p2p\base\stun_port.cc:470] Port[1027480:1:1:0:host:Net[any:0:0:0:x:x:x:x:x/0:Wildcard:id=0]]: StunPort: stun host lookup received error -1
[11620:21144:0727/232839.595:WARNING:third_party\webrtc\p2p\base\stun_port.cc:470] Port[1027b80:2:1:0:host:Net[any:0:0:0:x:x:x:x:x/0:Wildcard:id=0]]: StunPort: stun host lookup received error -1
[21992:26152:0727/232839.617:WARNING:net\dns\host_resolver_dns_task.cc:948] Address list empty after RFC3484 sort
[21992:26152:0727/232839.617:WARNING:net\dns\host_resolver_dns_task.cc:948] Address list empty after RFC3484 sort
[21992:26152:0727/232839.617:WARNING:net\dns\host_resolver_dns_task.cc:948] Address list empty after RFC3484 sort
[21992:26152:0727/232839.617:WARNING:net\dns\host_resolver_dns_task.cc:948] Address list empty after RFC3484 sort
[21992:26152:0727/232839.617:ERROR:services\network\p2p\socket_manager.cc:137] Failed to resolve address for stun.l.google.com., errorcode: -105
[21992:26152:0727/232839.617:ERROR:services\network\p2p\socket_manager.cc:137] Failed to resolve address for stun.l.google.com., errorcode: -105
[21992:26152:0727/232839.617:ERROR:services\network\p2p\socket_manager.cc:137] Failed to resolve address for stun.l.google.com., errorcode: -105
[11620:21144:0727/232839.617:WARNING:third_party\webrtc\p2p\base\stun_port.cc:470] Port[1026d80:0:1:0:host:Net[any:0:0:0:x:x:x:x:x/0:Wildcard:id=0]]: StunPort: stun host lookup received error -1
[21992:26152:0727/232839.617:ERROR:services\network\p2p\socket_manager.cc:137] Failed to resolve address for stun1.l.google.com., errorcode: -105
[21992:26152:0727/232839.617:ERROR:services\network\p2p\socket_manager.cc:137] Failed to resolve address for stun1.l.google.com., errorcode: -105
[21992:26152:0727/232839.617:ERROR:services\network\p2p\socket_manager.cc:137] Failed to resolve address for stun1.l.google.com., errorcode: -105
[11620:21144:0727/232839.617:WARNING:third_party\webrtc\p2p\base\stun_port.cc:470] Port[1027480:1:1:0:host:Net[any:0:0:0:x:x:x:x:x/0:Wildcard:id=0]]: StunPort: stun host lookup received error -1
[11620:21144:0727/232839.617:WARNING:third_party\webrtc\p2p\base\stun_port.cc:470] Port[1027b80:2:1:0:host:Net[any:0:0:0:x:x:x:x:x/0:Wildcard:id=0]]: StunPort: stun host lookup received error -1
[11620:21144:0727/232839.617:WARNING:third_party\webrtc\p2p\base\stun_port.cc:470] Port[1026d80:0:1:0:host:Net[any:0:0:0:x:x:x:x:x/0:Wildcard:id=0]]: StunPort: stun host lookup received error -1
[11620:21144:0727/232839.617:WARNING:third_party\webrtc\p2p\base\stun_port.cc:470] Port[1027480:1:1:0:host:Net[any:0:0:0:x:x:x:x:x/0:Wildcard:id=0]]: StunPort: stun host lookup received error -1
[11620:21144:0727/232839.617:WARNING:third_party\webrtc\p2p\base\stun_port.cc:470] Port[1027b80:2:1:0:host:Net[any:0:0:0:x:x:x:x:x/0:Wildcard:id=0]]: StunPort: stun host lookup received error -1
[21992:26152:0727/232839.867:WARNING:net\spdy\spdy_session.cc:3186] Received HEADERS for invalid stream 3
[17528:28508:0727/232839.869:INFO:third_party\blink\renderer\modules\peerconnection\peer_connection_dependency_factory.cc:940] Running WebRTC with a combined Network and Worker thread.
[17528:20016:0727/232839.902:INFO:third_party\blink\renderer\platform\p2p\ipc_socket_factory.cc:575] Setting new p2p socket buffer limit to 262144
[17528:20016:0727/232839.902:INFO:third_party\blink\renderer\platform\p2p\ipc_socket_factory.cc:575] Setting new p2p socket buffer limit to 262144
[21992:26152:0727/232839.927:WARNING:net\dns\host_resolver_dns_task.cc:948] Address list empty after RFC3484 sort
[21992:26152:0727/232839.929:WARNING:net\dns\host_resolver_dns_task.cc:948] Address list empty after RFC3484 sort
[21992:26152:0727/232839.929:ERROR:services\network\p2p\socket_manager.cc:137] Failed to resolve address for stun.cloudflare.com., errorcode: -105
[17528:20016:0727/232839.930:WARNING:third_party\webrtc\p2p\base\stun_port.cc:470] Port[11a2c80:0:1:0:host:Net[any:0:0:0:x:x:x:x:x/0:Wildcard:id=0]]: StunPort: stun host lookup received error -1
[21992:26152:0727/232839.930:ERROR:services\network\p2p\socket_manager.cc:137] Failed to resolve address for stun.cloudflare.com., errorcode: -105
[21992:26152:0727/232839.932:ERROR:services\network\p2p\socket_manager.cc:137] Failed to resolve address for stun.cloudflare.com., errorcode: -105
[17528:20016:0727/232839.933:WARNING:third_party\webrtc\p2p\base\stun_port.cc:470] Port[153c700:1:1:0:host:Net[any:0:0:0:x:x:x:x:x/0:Wildcard:id=0]]: StunPort: stun host lookup received error -1
[17528:20016:0727/232839.933:WARNING:third_party\webrtc\p2p\base\stun_port.cc:470] Port[153ce00:2:1:0:host:Net[any:0:0:0:x:x:x:x:x/0:Wildcard:id=0]]: StunPort: stun host lookup received error -1
[21992:26152:0727/232839.957:WARNING:net\dns\host_resolver_dns_task.cc:948] Address list empty after RFC3484 sort
[21992:26152:0727/232839.959:WARNING:net\dns\host_resolver_dns_task.cc:948] Address list empty after RFC3484 sort
[21992:26152:0727/232839.960:WARNING:net\dns\host_resolver_dns_task.cc:948] Address list empty after RFC3484 sort
[21992:26152:0727/232839.960:ERROR:services\network\p2p\socket_manager.cc:137] Failed to resolve address for stun1.l.google.com., errorcode: -105
[17528:20016:0727/232839.960:WARNING:third_party\webrtc\p2p\base\stun_port.cc:470] Port[11a2c80:0:1:0:host:Net[any:0:0:0:x:x:x:x:x/0:Wildcard:id=0]]: StunPort: stun host lookup received error -1
[21992:26152:0727/232839.960:ERROR:services\network\p2p\socket_manager.cc:137] Failed to resolve address for stun1.l.google.com., errorcode: -105
[21992:26152:0727/232839.961:ERROR:services\network\p2p\socket_manager.cc:137] Failed to resolve address for stun1.l.google.com., errorcode: -105
[17528:20016:0727/232839.961:WARNING:third_party\webrtc\p2p\base\stun_port.cc:470] Port[153c700:1:1:0:host:Net[any:0:0:0:x:x:x:x:x/0:Wildcard:id=0]]: StunPort: stun host lookup received error -1
[17528:20016:0727/232839.961:WARNING:third_party\webrtc\p2p\base\stun_port.cc:470] Port[153ce00:2:1:0:host:Net[any:0:0:0:x:x:x:x:x/0:Wildcard:id=0]]: StunPort: stun host lookup received error -1
[21992:26152:0727/232839.961:WARNING:net\dns\host_resolver_dns_task.cc:948] Address list empty after RFC3484 sort
[21992:26152:0727/232839.962:ERROR:services\network\p2p\socket_manager.cc:137] Failed to resolve address for stun.l.google.com., errorcode: -105
[17528:20016:0727/232839.962:WARNING:third_party\webrtc\p2p\base\stun_port.cc:470] Port[11a2c80:0:1:0:host:Net[any:0:0:0:x:x:x:x:x/0:Wildcard:id=0]]: StunPort: stun host lookup received error -1
[21992:26152:0727/232839.962:ERROR:services\network\p2p\socket_manager.cc:137] Failed to resolve address for stun.l.google.com., errorcode: -105
[21992:26152:0727/232839.962:ERROR:services\network\p2p\socket_manager.cc:137] Failed to resolve address for stun.l.google.com., errorcode: -105
[17528:20016:0727/232839.963:WARNING:third_party\webrtc\p2p\base\stun_port.cc:470] Port[153c700:1:1:0:host:Net[any:0:0:0:x:x:x:x:x/0:Wildcard:id=0]]: StunPort: stun host lookup received error -1
[17528:20016:0727/232839.963:WARNING:third_party\webrtc\p2p\base\stun_port.cc:470] Port[153ce00:2:1:0:host:Net[any:0:0:0:x:x:x:x:x/0:Wildcard:id=0]]: StunPort: stun host lookup received error -1
[9636:5480:0727/232840.534:INFO:CONSOLE:1] "WebGL: INVALID_ENUM: getInternalformatParameter: invalid internalformat", source: https://challenges.cloudflare.com/cdn-cgi/challenge-platform/h/g/turnstile/f/av0/rch/hc9ek/0x4AAAAAAADnPIDROrmt1Wwj/light/fbE/new/normal?lang=auto (1)
[9636:5480:0727/232840.535:INFO:CONSOLE:1] "WebGL: INVALID_ENUM: getInternalformatParameter: invalid internalformat", source: https://challenges.cloudflare.com/cdn-cgi/challenge-platform/h/g/turnstile/f/av0/rch/hc9ek/0x4AAAAAAADnPIDROrmt1Wwj/light/fbE/new/normal?lang=auto (1)
[9636:5480:0727/232840.536:INFO:CONSOLE:1] "WebGL: INVALID_ENUM: getInternalformatParameter: invalid internalformat", source: https://challenges.cloudflare.com/cdn-cgi/challenge-platform/h/g/turnstile/f/av0/rch/hc9ek/0x4AAAAAAADnPIDROrmt1Wwj/light/fbE/new/normal?lang=auto (1)
[9636:5480:0727/232840.536:INFO:CONSOLE:1] "WebGL: INVALID_ENUM: getInternalformatParameter: invalid internalformat", source: https://challenges.cloudflare.com/cdn-cgi/challenge-platform/h/g/turnstile/f/av0/rch/hc9ek/0x4AAAAAAADnPIDROrmt1Wwj/light/fbE/new/normal?lang=auto (1)
[9636:5480:0727/232840.536:INFO:CONSOLE:1] "WebGL: INVALID_ENUM: getInternalformatParameter: invalid internalformat", source: https://challenges.cloudflare.com/cdn-cgi/challenge-platform/h/g/turnstile/f/av0/rch/hc9ek/0x4AAAAAAADnPIDROrmt1Wwj/light/fbE/new/normal?lang=auto (1)
[9636:5480:0727/232840.537:INFO:CONSOLE:1] "WebGL: INVALID_ENUM: getInternalformatParameter: invalid internalformat", source: https://challenges.cloudflare.com/cdn-cgi/challenge-platform/h/g/turnstile/f/av0/rch/hc9ek/0x4AAAAAAADnPIDROrmt1Wwj/light/fbE/new/normal?lang=auto (1)
[9636:5480:0727/232840.537:INFO:CONSOLE:1] "WebGL: INVALID_ENUM: getInternalformatParameter: invalid internalformat", source: https://challenges.cloudflare.com/cdn-cgi/challenge-platform/h/g/turnstile/f/av0/rch/hc9ek/0x4AAAAAAADnPIDROrmt1Wwj/light/fbE/new/normal?lang=auto (1)
[9636:5480:0727/232840.537:INFO:CONSOLE:1] "WebGL: INVALID_ENUM: getInternalformatParameter: invalid internalformat", source: https://challenges.cloudflare.com/cdn-cgi/challenge-platform/h/g/turnstile/f/av0/rch/hc9ek/0x4AAAAAAADnPIDROrmt1Wwj/light/fbE/new/normal?lang=auto (1)
[9636:5480:0727/232840.537:INFO:CONSOLE:1] "WebGL: INVALID_ENUM: getInternalformatParameter: invalid internalformat", source: https://challenges.cloudflare.com/cdn-cgi/challenge-platform/h/g/turnstile/f/av0/rch/hc9ek/0x4AAAAAAADnPIDROrmt1Wwj/light/fbE/new/normal?lang=auto (1)
[9636:5480:0727/232840.537:INFO:CONSOLE:1] "WebGL: INVALID_ENUM: getInternalformatParameter: invalid internalformat", source: https://challenges.cloudflare.com/cdn-cgi/challenge-platform/h/g/turnstile/f/av0/rch/hc9ek/0x4AAAAAAADnPIDROrmt1Wwj/light/fbE/new/normal?lang=auto (1)
[9636:5480:0727/232840.538:INFO:CONSOLE:1] "WebGL: INVALID_ENUM: getInternalformatParameter: invalid internalformat", source: https://challenges.cloudflare.com/cdn-cgi/challenge-platform/h/g/turnstile/f/av0/rch/hc9ek/0x4AAAAAAADnPIDROrmt1Wwj/light/fbE/new/normal?lang=auto (1)
[9636:5480:0727/232840.539:INFO:CONSOLE:1] "WebGL: INVALID_ENUM: getInternalformatParameter: invalid internalformat when EXT_color_buffer_[half_]float is not enabled", source: https://challenges.cloudflare.com/cdn-cgi/challenge-platform/h/g/turnstile/f/av0/rch/hc9ek/0x4AAAAAAADnPIDROrmt1Wwj/light/fbE/new/normal?lang=auto (1)
[9636:5480:0727/232840.539:INFO:CONSOLE:1] "WebGL: INVALID_ENUM: getInternalformatParameter: invalid internalformat when EXT_color_buffer_float is not enabled", source: https://challenges.cloudflare.com/cdn-cgi/challenge-platform/h/g/turnstile/f/av0/rch/hc9ek/0x4AAAAAAADnPIDROrmt1Wwj/light/fbE/new/normal?lang=auto (1)
[9636:5480:0727/232840.539:INFO:CONSOLE:1] "WebGL: INVALID_ENUM: getInternalformatParameter: invalid internalformat when EXT_color_buffer_float is not enabled", source: https://challenges.cloudflare.com/cdn-cgi/challenge-platform/h/g/turnstile/f/av0/rch/hc9ek/0x4AAAAAAADnPIDROrmt1Wwj/light/fbE/new/normal?lang=auto (1)
[9636:5480:0727/232840.540:INFO:CONSOLE:1] "WebGL: INVALID_ENUM: getInternalformatParameter: invalid internalformat", source: https://challenges.cloudflare.com/cdn-cgi/challenge-platform/h/g/turnstile/f/av0/rch/hc9ek/0x4AAAAAAADnPIDROrmt1Wwj/light/fbE/new/normal?lang=auto (1)
[9636:5480:0727/232840.540:INFO:CONSOLE:1] "WebGL: INVALID_ENUM: getInternalformatParameter: invalid internalformat when EXT_color_buffer_[half_]float is not enabled", source: https://challenges.cloudflare.com/cdn-cgi/challenge-platform/h/g/turnstile/f/av0/rch/hc9ek/0x4AAAAAAADnPIDROrmt1Wwj/light/fbE/new/normal?lang=auto (1)
[9636:5480:0727/232840.540:INFO:CONSOLE:1] "WebGL: INVALID_ENUM: getInternalformatParameter: invalid internalformat when EXT_color_buffer_float is not enabled", source: https://challenges.cloudflare.com/cdn-cgi/challenge-platform/h/g/turnstile/f/av0/rch/hc9ek/0x4AAAAAAADnPIDROrmt1Wwj/light/fbE/new/normal?lang=auto (1)
[9636:5480:0727/232840.540:INFO:CONSOLE:1] "WebGL: INVALID_ENUM: getInternalformatParameter: invalid internalformat when EXT_color_buffer_[half_]float is not enabled", source: https://challenges.cloudflare.com/cdn-cgi/challenge-platform/h/g/turnstile/f/av0/rch/hc9ek/0x4AAAAAAADnPIDROrmt1Wwj/light/fbE/new/normal?lang=auto (1)
[9636:5480:0727/232840.540:INFO:CONSOLE:1] "WebGL: INVALID_ENUM: getInternalformatParameter: invalid internalformat when EXT_color_buffer_float is not enabled", source: https://challenges.cloudflare.com/cdn-cgi/challenge-platform/h/g/turnstile/f/av0/rch/hc9ek/0x4AAAAAAADnPIDROrmt1Wwj/light/fbE/new/normal?lang=auto (1)
[9636:5480:0727/232840.638:INFO:CONSOLE:1] "The powerPreference option is currently ignored when calling requestAdapter() on Windows. See https://crbug.com/369219127", source: https://challenges.cloudflare.com/cdn-cgi/challenge-platform/h/g/turnstile/f/av0/rch/hc9ek/0x4AAAAAAADnPIDROrmt1Wwj/light/fbE/new/normal?lang=auto (1)
[9636:5480:0727/232840.638:INFO:CONSOLE:1] "The powerPreference option is currently ignored when calling requestAdapter() on Windows. See https://crbug.com/369219127", source: https://challenges.cloudflare.com/cdn-cgi/challenge-platform/h/g/turnstile/f/av0/rch/hc9ek/0x4AAAAAAADnPIDROrmt1Wwj/light/fbE/new/normal?lang=auto (1)
[9636:5480:0727/232840.737:INFO:CONSOLE:0] "No available adapters.", source: https://challenges.cloudflare.com/cdn-cgi/challenge-platform/h/g/turnstile/f/av0/rch/hc9ek/0x4AAAAAAADnPIDROrmt1Wwj/light/fbE/new/normal?lang=auto (0)
[9636:5480:0727/232841.247:INFO:CONSOLE:1] "OTS parsing error: Size of decompressed WOFF 2.0 is less than compressed size", source: https://challenges.cloudflare.com/cdn-cgi/challenge-platform/h/g/turnstile/f/av0/rch/hc9ek/0x4AAAAAAADnPIDROrmt1Wwj/light/fbE/new/normal?lang=auto (1)
[9636:5480:0727/232841.300:INFO:CONSOLE:1] "Error", source: https://challenges.cloudflare.com/cdn-cgi/challenge-platform/h/g/turnstile/f/av0/rch/hc9ek/0x4AAAAAAADnPIDROrmt1Wwj/light/fbE/new/normal?lang=auto (1)
[9636:5480:0727/232841.303:INFO:CONSOLE:1] "mnINm4", source: https://challenges.cloudflare.com/cdn-cgi/challenge-platform/h/g/turnstile/f/av0/rch/hc9ek/0x4AAAAAAADnPIDROrmt1Wwj/light/fbE/new/normal?lang=auto (1)
[9636:5480:0727/232841.303:INFO:CONSOLE:1] "mnINm4", source: https://challenges.cloudflare.com/cdn-cgi/challenge-platform/h/g/turnstile/f/av0/rch/hc9ek/0x4AAAAAAADnPIDROrmt1Wwj/light/fbE/new/normal?lang=auto (1)
[9636:5480:0727/232841.303:INFO:CONSOLE:1] "ZYTq3", source: https://challenges.cloudflare.com/cdn-cgi/challenge-platform/h/g/turnstile/f/av0/rch/hc9ek/0x4AAAAAAADnPIDROrmt1Wwj/light/fbE/new/normal?lang=auto (1)
[9636:5480:0727/232841.303:INFO:CONSOLE:1] "ZYTq3", source: https://challenges.cloudflare.com/cdn-cgi/challenge-platform/h/g/turnstile/f/av0/rch/hc9ek/0x4AAAAAAADnPIDROrmt1Wwj/light/fbE/new/normal?lang=auto (1)
[9636:5480:0727/232841.303:INFO:CONSOLE:1] "[object HTMLAnchorElement]", source: https://challenges.cloudflare.com/cdn-cgi/challenge-platform/h/g/turnstile/f/av0/rch/hc9ek/0x4AAAAAAADnPIDROrmt1Wwj/light/fbE/new/normal?lang=auto (1)
[9636:5480:0727/232841.303:INFO:CONSOLE:1] "[object HTMLAnchorElement]", source: https://challenges.cloudflare.com/cdn-cgi/challenge-platform/h/g/turnstile/f/av0/rch/hc9ek/0x4AAAAAAADnPIDROrmt1Wwj/light/fbE/new/normal?lang=auto (1)
[9636:5480:0727/232841.304:INFO:CONSOLE:1] " : 1", source: https://challenges.cloudflare.com/cdn-cgi/challenge-platform/h/g/turnstile/f/av0/rch/hc9ek/0x4AAAAAAADnPIDROrmt1Wwj/light/fbE/new/normal?lang=auto (1)
[9636:5480:0727/232841.304:INFO:CONSOLE:1] " : 1", source: https://challenges.cloudflare.com/cdn-cgi/challenge-platform/h/g/turnstile/f/av0/rch/hc9ek/0x4AAAAAAADnPIDROrmt1Wwj/light/fbE/new/normal?lang=auto (1)
[9636:5480:0727/232841.305:INFO:CONSOLE:1] "%c%d font-size:0;color:transparent NaN", source: https://challenges.cloudflare.com/cdn-cgi/challenge-platform/h/g/turnstile/f/av0/rch/hc9ek/0x4AAAAAAADnPIDROrmt1Wwj/light/fbE/new/normal?lang=auto (1)
[9636:5480:0727/232841.305:INFO:CONSOLE:1] "%c%d font-size:0;color:transparent NaN", source: https://challenges.cloudflare.com/cdn-cgi/challenge-platform/h/g/turnstile/f/av0/rch/hc9ek/0x4AAAAAAADnPIDROrmt1Wwj/light/fbE/new/normal?lang=auto (1)
[9636:5480:0727/232841.305:INFO:CONSOLE:1] " izHa3: FZszM4", source: https://challenges.cloudflare.com/cdn-cgi/challenge-platform/h/g/turnstile/f/av0/rch/hc9ek/0x4AAAAAAADnPIDROrmt1Wwj/light/fbE/new/normal?lang=auto (1)
[9636:5480:0727/232841.305:INFO:CONSOLE:1] " izHa3: FZszM4", source: https://challenges.cloudflare.com/cdn-cgi/challenge-platform/h/g/turnstile/f/av0/rch/hc9ek/0x4AAAAAAADnPIDROrmt1Wwj/light/fbE/new/normal?lang=auto (1)
[9636:5480:0727/232841.305:INFO:CONSOLE:1] "%c%d font-size:0;color:transparent izHa3: FZszM4", source: https://challenges.cloudflare.com/cdn-cgi/challenge-platform/h/g/turnstile/f/av0/rch/hc9ek/0x4AAAAAAADnPIDROrmt1Wwj/light/fbE/new/normal?lang=auto (1)
[9636:5480:0727/232841.305:INFO:CONSOLE:1] "%c%d font-size:0;color:transparent izHa3: FZszM4", source: https://challenges.cloudflare.com/cdn-cgi/challenge-platform/h/g/turnstile/f/av0/rch/hc9ek/0x4AAAAAAADnPIDROrmt1Wwj/light/fbE/new/normal?lang=auto (1)
[9636:5480:0727/232841.306:INFO:CONSOLE:1] "%c%d font-size:0;color:transparent NaN", source: https://challenges.cloudflare.com/cdn-cgi/challenge-platform/h/g/turnstile/f/av0/rch/hc9ek/0x4AAAAAAADnPIDROrmt1Wwj/light/fbE/new/normal?lang=auto (1)
[9636:5480:0727/232841.306:INFO:CONSOLE:1] "%c%d font-size:0;color:transparent NaN", source: https://challenges.cloudflare.com/cdn-cgi/challenge-platform/h/g/turnstile/f/av0/rch/hc9ek/0x4AAAAAAADnPIDROrmt1Wwj/light/fbE/new/normal?lang=auto (1)
[9636:5480:0727/232841.306:INFO:CONSOLE:1] "%c%d font-size:0;color:transparent NaN", source: https://challenges.cloudflare.com/cdn-cgi/challenge-platform/h/g/turnstile/f/av0/rch/hc9ek/0x4AAAAAAADnPIDROrmt1Wwj/light/fbE/new/normal?lang=auto (1)
[9636:5480:0727/232841.306:INFO:CONSOLE:1] "%c%d font-size:0;color:transparent NaN", source: https://challenges.cloudflare.com/cdn-cgi/challenge-platform/h/g/turnstile/f/av0/rch/hc9ek/0x4AAAAAAADnPIDROrmt1Wwj/light/fbE/new/normal?lang=auto (1)
[9636:5480:0727/232841.306:INFO:CONSOLE:1] "%c%d font-size:0;color:transparent NaN", source: https://challenges.cloudflare.com/cdn-cgi/challenge-platform/h/g/turnstile/f/av0/rch/hc9ek/0x4AAAAAAADnPIDROrmt1Wwj/light/fbE/new/normal?lang=auto (1)
[9636:5480:0727/232841.306:INFO:CONSOLE:1] "%c%d font-size:0;color:transparent NaN", source: https://challenges.cloudflare.com/cdn-cgi/challenge-platform/h/g/turnstile/f/av0/rch/hc9ek/0x4AAAAAAADnPIDROrmt1Wwj/light/fbE/new/normal?lang=auto (1)
[9636:5480:0727/232841.307:INFO:CONSOLE:1] "%c%d font-size:0;color:transparent izHa3: FZszM4", source: https://challenges.cloudflare.com/cdn-cgi/challenge-platform/h/g/turnstile/f/av0/rch/hc9ek/0x4AAAAAAADnPIDROrmt1Wwj/light/fbE/new/normal?lang=auto (1)
[9636:5480:0727/232841.307:INFO:CONSOLE:1] "%c%d font-size:0;color:transparent izHa3: FZszM4", source: https://challenges.cloudflare.com/cdn-cgi/challenge-platform/h/g/turnstile/f/av0/rch/hc9ek/0x4AAAAAAADnPIDROrmt1Wwj/light/fbE/new/normal?lang=auto (1)
[9636:5480:0727/232841.307:INFO:CONSOLE:1] "%c%d font-size:0;color:transparent NaN", source: https://challenges.cloudflare.com/cdn-cgi/challenge-platform/h/g/turnstile/f/av0/rch/hc9ek/0x4AAAAAAADnPIDROrmt1Wwj/light/fbE/new/normal?lang=auto (1)
[9636:5480:0727/232841.307:INFO:CONSOLE:1] "%c%d font-size:0;color:transparent NaN", source: https://challenges.cloudflare.com/cdn-cgi/challenge-platform/h/g/turnstile/f/av0/rch/hc9ek/0x4AAAAAAADnPIDROrmt1Wwj/light/fbE/new/normal?lang=auto (1)
[9636:5480:0727/232841.307:INFO:CONSOLE:1] "%c%d font-size:0;color:transparent NaN", source: https://challenges.cloudflare.com/cdn-cgi/challenge-platform/h/g/turnstile/f/av0/rch/hc9ek/0x4AAAAAAADnPIDROrmt1Wwj/light/fbE/new/normal?lang=auto (1)
[9636:5480:0727/232841.307:INFO:CONSOLE:1] "%c%d font-size:0;color:transparent NaN", source: https://challenges.cloudflare.com/cdn-cgi/challenge-platform/h/g/turnstile/f/av0/rch/hc9ek/0x4AAAAAAADnPIDROrmt1Wwj/light/fbE/new/normal?lang=auto (1)
[9636:5480:0727/232841.308:INFO:CONSOLE:1] "console.groupEnd", source: https://challenges.cloudflare.com/cdn-cgi/challenge-platform/h/g/turnstile/f/av0/rch/hc9ek/0x4AAAAAAADnPIDROrmt1Wwj/light/fbE/new/normal?lang=auto (1)
[9636:5480:0727/232842.238:INFO:CONSOLE:1] "Error", source: https://challenges.cloudflare.com/cdn-cgi/challenge-platform/h/g/turnstile/f/av0/rch/hc9ek/0x4AAAAAAADnPIDROrmt1Wwj/light/fbE/new/normal?lang=auto (1)
[9636:5480:0727/232843.346:INFO:CONSOLE:1] "[Cloudflare Turnstile] Cannot find Widget cf-chl-widget-hc9ek, consider using turnstile.remove() to clean up a widget.", source: https://challenges.cloudflare.com/turnstile/v0/g/b0da9f4911ba/api.js?onload=DglVu6&render=explicit (1)
[11620:11912:0727/232845.082:INFO:third_party\blink\renderer\modules\peerconnection\peer_connection_dependency_factory.cc:940] Running WebRTC with a combined Network and Worker thread.
[11620:21144:0727/232845.110:INFO:third_party\blink\renderer\platform\p2p\ipc_socket_factory.cc:575] Setting new p2p socket buffer limit to 262144
[11620:21144:0727/232845.110:INFO:third_party\blink\renderer\platform\p2p\ipc_socket_factory.cc:575] Setting new p2p socket buffer limit to 262144
[21992:26152:0727/232845.126:WARNING:net\dns\host_resolver_dns_task.cc:948] Address list empty after RFC3484 sort
[21992:26152:0727/232845.139:WARNING:net\dns\host_resolver_dns_task.cc:948] Address list empty after RFC3484 sort
[21992:26152:0727/232845.140:ERROR:services\network\p2p\socket_manager.cc:137] Failed to resolve address for stun.cloudflare.com., errorcode: -105
[11620:21144:0727/232845.144:WARNING:third_party\webrtc\p2p\base\stun_port.cc:470] Port[788e00:0:1:0:host:Net[any:0:0:0:x:x:x:x:x/0:Wildcard:id=0]]: StunPort: stun host lookup received error -1
[21992:26152:0727/232845.144:ERROR:services\network\p2p\socket_manager.cc:137] Failed to resolve address for stun.cloudflare.com., errorcode: -105
[21992:26152:0727/232845.149:ERROR:services\network\p2p\socket_manager.cc:137] Failed to resolve address for stun.cloudflare.com., errorcode: -105
[11620:21144:0727/232845.152:WARNING:third_party\webrtc\p2p\base\stun_port.cc:470] Port[788700:1:1:0:host:Net[any:0:0:0:x:x:x:x:x/0:Wildcard:id=0]]: StunPort: stun host lookup received error -1
[11620:21144:0727/232845.154:WARNING:third_party\webrtc\p2p\base\stun_port.cc:470] Port[78c600:2:1:0:host:Net[any:0:0:0:x:x:x:x:x/0:Wildcard:id=0]]: StunPort: stun host lookup received error -1
[21992:26152:0727/232845.163:WARNING:net\dns\host_resolver_dns_task.cc:948] Address list empty after RFC3484 sort
[21992:26152:0727/232845.164:WARNING:net\dns\host_resolver_dns_task.cc:948] Address list empty after RFC3484 sort
[21992:26152:0727/232845.168:WARNING:net\dns\host_resolver_dns_task.cc:948] Address list empty after RFC3484 sort
[21992:26152:0727/232845.168:ERROR:services\network\p2p\socket_manager.cc:137] Failed to resolve address for stun.l.google.com., errorcode: -105
[11620:21144:0727/232845.177:WARNING:third_party\webrtc\p2p\base\stun_port.cc:470] Port[788e00:0:1:0:host:Net[any:0:0:0:x:x:x:x:x/0:Wildcard:id=0]]: StunPort: stun host lookup received error -1
[21992:26152:0727/232845.177:ERROR:services\network\p2p\socket_manager.cc:137] Failed to resolve address for stun.l.google.com., errorcode: -105
[21992:26152:0727/232845.180:ERROR:services\network\p2p\socket_manager.cc:137] Failed to resolve address for stun.l.google.com., errorcode: -105
[11620:21144:0727/232845.181:WARNING:third_party\webrtc\p2p\base\stun_port.cc:470] Port[788700:1:1:0:host:Net[any:0:0:0:x:x:x:x:x/0:Wildcard:id=0]]: StunPort: stun host lookup received error -1
[21992:26152:0727/232845.181:WARNING:net\dns\host_resolver_dns_task.cc:948] Address list empty after RFC3484 sort
[21992:26152:0727/232845.181:ERROR:services\network\p2p\socket_manager.cc:137] Failed to resolve address for stun1.l.google.com., errorcode: -105
[21992:26152:0727/232845.184:ERROR:services\network\p2p\socket_manager.cc:137] Failed to resolve address for stun1.l.google.com., errorcode: -105
[21992:26152:0727/232845.186:ERROR:services\network\p2p\socket_manager.cc:137] Failed to resolve address for stun1.l.google.com., errorcode: -105
[11620:21144:0727/232845.187:WARNING:third_party\webrtc\p2p\base\stun_port.cc:470] Port[78c600:2:1:0:host:Net[any:0:0:0:x:x:x:x:x/0:Wildcard:id=0]]: StunPort: stun host lookup received error -1
[11620:21144:0727/232845.187:WARNING:third_party\webrtc\p2p\base\stun_port.cc:470] Port[788e00:0:1:0:host:Net[any:0:0:0:x:x:x:x:x/0:Wildcard:id=0]]: StunPort: stun host lookup received error -1
[11620:21144:0727/232845.187:WARNING:third_party\webrtc\p2p\base\stun_port.cc:470] Port[788700:1:1:0:host:Net[any:0:0:0:x:x:x:x:x/0:Wildcard:id=0]]: StunPort: stun host lookup received error -1
[11620:21144:0727/232845.187:WARNING:third_party\webrtc\p2p\base\stun_port.cc:470] Port[78c600:2:1:0:host:Net[any:0:0:0:x:x:x:x:x/0:Wildcard:id=0]]: StunPort: stun host lookup received error -1
[23964:13120:0727/232845.508:INFO:third_party\blink\renderer\modules\peerconnection\peer_connection_dependency_factory.cc:940] Running WebRTC with a combined Network and Worker thread.
[23964:7816:0727/232845.549:INFO:third_party\blink\renderer\platform\p2p\ipc_socket_factory.cc:575] Setting new p2p socket buffer limit to 262144
[23964:7816:0727/232845.549:INFO:third_party\blink\renderer\platform\p2p\ipc_socket_factory.cc:575] Setting new p2p socket buffer limit to 262144
[21992:26152:0727/232845.574:WARNING:net\dns\host_resolver_dns_task.cc:948] Address list empty after RFC3484 sort
[21992:26152:0727/232845.574:WARNING:net\dns\host_resolver_dns_task.cc:948] Address list empty after RFC3484 sort
[21992:26152:0727/232845.575:WARNING:net\dns\host_resolver_dns_task.cc:948] Address list empty after RFC3484 sort
[21992:26152:0727/232845.600:WARNING:net\dns\host_resolver_dns_task.cc:948] Address list empty after RFC3484 sort
[21992:26152:0727/232845.600:WARNING:net\dns\host_resolver_dns_task.cc:948] Address list empty after RFC3484 sort
[21992:26152:0727/232845.600:WARNING:net\dns\host_resolver_dns_task.cc:948] Address list empty after RFC3484 sort
[21992:26152:0727/232845.600:ERROR:services\network\p2p\socket_manager.cc:137] Failed to resolve address for stun.cloudflare.com., errorcode: -105
[21992:26152:0727/232845.601:ERROR:services\network\p2p\socket_manager.cc:137] Failed to resolve address for stun.cloudflare.com., errorcode: -105
[23964:7816:0727/232845.601:WARNING:third_party\webrtc\p2p\base\stun_port.cc:470] Port[1434700:0:1:0:host:Net[any:0:0:0:x:x:x:x:x/0:Wildcard:id=0]]: StunPort: stun host lookup received error -1
[21992:26152:0727/232845.601:ERROR:services\network\p2p\socket_manager.cc:137] Failed to resolve address for stun.cloudflare.com., errorcode: -105
[21992:26152:0727/232845.601:ERROR:services\network\p2p\socket_manager.cc:137] Failed to resolve address for stun.l.google.com., errorcode: -105
[21992:26152:0727/232845.601:ERROR:services\network\p2p\socket_manager.cc:137] Failed to resolve address for stun.l.google.com., errorcode: -105
[21992:26152:0727/232845.601:ERROR:services\network\p2p\socket_manager.cc:137] Failed to resolve address for stun.l.google.com., errorcode: -105
[21992:26152:0727/232845.601:ERROR:services\network\p2p\socket_manager.cc:137] Failed to resolve address for stun1.l.google.com., errorcode: -105
[21992:26152:0727/232845.601:ERROR:services\network\p2p\socket_manager.cc:137] Failed to resolve address for stun1.l.google.com., errorcode: -105
[21992:26152:0727/232845.601:ERROR:services\network\p2p\socket_manager.cc:137] Failed to resolve address for stun1.l.google.com., errorcode: -105
[23964:7816:0727/232845.601:WARNING:third_party\webrtc\p2p\base\stun_port.cc:470] Port[1434e00:1:1:0:host:Net[any:0:0:0:x:x:x:x:x/0:Wildcard:id=0]]: StunPort: stun host lookup received error -1
[23964:7816:0727/232845.601:WARNING:third_party\webrtc\p2p\base\stun_port.cc:470] Port[1435500:2:1:0:host:Net[any:0:0:0:x:x:x:x:x/0:Wildcard:id=0]]: StunPort: stun host lookup received error -1
[23964:7816:0727/232845.601:WARNING:third_party\webrtc\p2p\base\stun_port.cc:470] Port[1434700:0:1:0:host:Net[any:0:0:0:x:x:x:x:x/0:Wildcard:id=0]]: StunPort: stun host lookup received error -1
[23964:7816:0727/232845.601:WARNING:third_party\webrtc\p2p\base\stun_port.cc:470] Port[1434e00:1:1:0:host:Net[any:0:0:0:x:x:x:x:x/0:Wildcard:id=0]]: StunPort: stun host lookup received error -1
[23964:7816:0727/232845.601:WARNING:third_party\webrtc\p2p\base\stun_port.cc:470] Port[1435500:2:1:0:host:Net[any:0:0:0:x:x:x:x:x/0:Wildcard:id=0]]: StunPort: stun host lookup received error -1
[23964:7816:0727/232845.601:WARNING:third_party\webrtc\p2p\base\stun_port.cc:470] Port[1434700:0:1:0:host:Net[any:0:0:0:x:x:x:x:x/0:Wildcard:id=0]]: StunPort: stun host lookup received error -1
[23964:7816:0727/232845.601:WARNING:third_party\webrtc\p2p\base\stun_port.cc:470] Port[1434e00:1:1:0:host:Net[any:0:0:0:x:x:x:x:x/0:Wildcard:id=0]]: StunPort: stun host lookup received error -1
[23964:7816:0727/232845.601:WARNING:third_party\webrtc\p2p\base\stun_port.cc:470] Port[1435500:2:1:0:host:Net[any:0:0:0:x:x:x:x:x/0:Wildcard:id=0]]: StunPort: stun host lookup received error -1
[9636:5480:0727/232846.335:INFO:CONSOLE:1] "Error", source: https://challenges.cloudflare.com/cdn-cgi/challenge-platform/h/g/turnstile/f/av0/rch/5o1vn/0x4AAAAAAADnPIDROrmt1Wwj/light/fbE/new/normal?lang=auto (1)
[9636:5480:0727/232846.339:INFO:CONSOLE:1] "mnINm4", source: https://challenges.cloudflare.com/cdn-cgi/challenge-platform/h/g/turnstile/f/av0/rch/5o1vn/0x4AAAAAAADnPIDROrmt1Wwj/light/fbE/new/normal?lang=auto (1)
[9636:5480:0727/232846.340:INFO:CONSOLE:1] "mnINm4", source: https://challenges.cloudflare.com/cdn-cgi/challenge-platform/h/g/turnstile/f/av0/rch/5o1vn/0x4AAAAAAADnPIDROrmt1Wwj/light/fbE/new/normal?lang=auto (1)
[9636:5480:0727/232846.341:INFO:CONSOLE:1] "ZYTq3", source: https://challenges.cloudflare.com/cdn-cgi/challenge-platform/h/g/turnstile/f/av0/rch/5o1vn/0x4AAAAAAADnPIDROrmt1Wwj/light/fbE/new/normal?lang=auto (1)
[9636:5480:0727/232846.341:INFO:CONSOLE:1] "ZYTq3", source: https://challenges.cloudflare.com/cdn-cgi/challenge-platform/h/g/turnstile/f/av0/rch/5o1vn/0x4AAAAAAADnPIDROrmt1Wwj/light/fbE/new/normal?lang=auto (1)
[9636:5480:0727/232846.341:INFO:CONSOLE:1] "[object HTMLAnchorElement]", source: https://challenges.cloudflare.com/cdn-cgi/challenge-platform/h/g/turnstile/f/av0/rch/5o1vn/0x4AAAAAAADnPIDROrmt1Wwj/light/fbE/new/normal?lang=auto (1)
[9636:5480:0727/232846.341:INFO:CONSOLE:1] "[object HTMLAnchorElement]", source: https://challenges.cloudflare.com/cdn-cgi/challenge-platform/h/g/turnstile/f/av0/rch/5o1vn/0x4AAAAAAADnPIDROrmt1Wwj/light/fbE/new/normal?lang=auto (1)
[9636:5480:0727/232846.342:INFO:CONSOLE:1] " : 1", source: https://challenges.cloudflare.com/cdn-cgi/challenge-platform/h/g/turnstile/f/av0/rch/5o1vn/0x4AAAAAAADnPIDROrmt1Wwj/light/fbE/new/normal?lang=auto (1)
[9636:5480:0727/232846.342:INFO:CONSOLE:1] " : 1", source: https://challenges.cloudflare.com/cdn-cgi/challenge-platform/h/g/turnstile/f/av0/rch/5o1vn/0x4AAAAAAADnPIDROrmt1Wwj/light/fbE/new/normal?lang=auto (1)
[9636:5480:0727/232846.342:INFO:CONSOLE:1] "%c%d font-size:0;color:transparent NaN", source: https://challenges.cloudflare.com/cdn-cgi/challenge-platform/h/g/turnstile/f/av0/rch/5o1vn/0x4AAAAAAADnPIDROrmt1Wwj/light/fbE/new/normal?lang=auto (1)
[9636:5480:0727/232846.342:INFO:CONSOLE:1] "%c%d font-size:0;color:transparent NaN", source: https://challenges.cloudflare.com/cdn-cgi/challenge-platform/h/g/turnstile/f/av0/rch/5o1vn/0x4AAAAAAADnPIDROrmt1Wwj/light/fbE/new/normal?lang=auto (1)
[9636:5480:0727/232846.343:INFO:CONSOLE:1] " izHa3: FZszM4", source: https://challenges.cloudflare.com/cdn-cgi/challenge-platform/h/g/turnstile/f/av0/rch/5o1vn/0x4AAAAAAADnPIDROrmt1Wwj/light/fbE/new/normal?lang=auto (1)
[9636:5480:0727/232846.343:INFO:CONSOLE:1] " izHa3: FZszM4", source: https://challenges.cloudflare.com/cdn-cgi/challenge-platform/h/g/turnstile/f/av0/rch/5o1vn/0x4AAAAAAADnPIDROrmt1Wwj/light/fbE/new/normal?lang=auto (1)
[9636:5480:0727/232846.343:INFO:CONSOLE:1] "%c%d font-size:0;color:transparent izHa3: FZszM4", source: https://challenges.cloudflare.com/cdn-cgi/challenge-platform/h/g/turnstile/f/av0/rch/5o1vn/0x4AAAAAAADnPIDROrmt1Wwj/light/fbE/new/normal?lang=auto (1)
[9636:5480:0727/232846.344:INFO:CONSOLE:1] "%c%d font-size:0;color:transparent izHa3: FZszM4", source: https://challenges.cloudflare.com/cdn-cgi/challenge-platform/h/g/turnstile/f/av0/rch/5o1vn/0x4AAAAAAADnPIDROrmt1Wwj/light/fbE/new/normal?lang=auto (1)
[9636:5480:0727/232846.344:INFO:CONSOLE:1] "%c%d font-size:0;color:transparent NaN", source: https://challenges.cloudflare.com/cdn-cgi/challenge-platform/h/g/turnstile/f/av0/rch/5o1vn/0x4AAAAAAADnPIDROrmt1Wwj/light/fbE/new/normal?lang=auto (1)
[9636:5480:0727/232846.345:INFO:CONSOLE:1] "%c%d font-size:0;color:transparent NaN", source: https://challenges.cloudflare.com/cdn-cgi/challenge-platform/h/g/turnstile/f/av0/rch/5o1vn/0x4AAAAAAADnPIDROrmt1Wwj/light/fbE/new/normal?lang=auto (1)
[9636:5480:0727/232846.346:INFO:CONSOLE:1] "%c%d font-size:0;color:transparent NaN", source: https://challenges.cloudflare.com/cdn-cgi/challenge-platform/h/g/turnstile/f/av0/rch/5o1vn/0x4AAAAAAADnPIDROrmt1Wwj/light/fbE/new/normal?lang=auto (1)
[9636:5480:0727/232846.347:INFO:CONSOLE:1] "%c%d font-size:0;color:transparent NaN", source: https://challenges.cloudflare.com/cdn-cgi/challenge-platform/h/g/turnstile/f/av0/rch/5o1vn/0x4AAAAAAADnPIDROrmt1Wwj/light/fbE/new/normal?lang=auto (1)
[9636:5480:0727/232846.347:INFO:CONSOLE:1] "%c%d font-size:0;color:transparent NaN", source: https://challenges.cloudflare.com/cdn-cgi/challenge-platform/h/g/turnstile/f/av0/rch/5o1vn/0x4AAAAAAADnPIDROrmt1Wwj/light/fbE/new/normal?lang=auto (1)
[9636:5480:0727/232846.347:INFO:CONSOLE:1] "%c%d font-size:0;color:transparent NaN", source: https://challenges.cloudflare.com/cdn-cgi/challenge-platform/h/g/turnstile/f/av0/rch/5o1vn/0x4AAAAAAADnPIDROrmt1Wwj/light/fbE/new/normal?lang=auto (1)
[9636:5480:0727/232846.347:INFO:CONSOLE:1] "%c%d font-size:0;color:transparent izHa3: FZszM4", source: https://challenges.cloudflare.com/cdn-cgi/challenge-platform/h/g/turnstile/f/av0/rch/5o1vn/0x4AAAAAAADnPIDROrmt1Wwj/light/fbE/new/normal?lang=auto (1)
[9636:5480:0727/232846.347:INFO:CONSOLE:1] "%c%d font-size:0;color:transparent izHa3: FZszM4", source: https://challenges.cloudflare.com/cdn-cgi/challenge-platform/h/g/turnstile/f/av0/rch/5o1vn/0x4AAAAAAADnPIDROrmt1Wwj/light/fbE/new/normal?lang=auto (1)
[9636:5480:0727/232846.348:INFO:CONSOLE:1] "%c%d font-size:0;color:transparent NaN", source: https://challenges.cloudflare.com/cdn-cgi/challenge-platform/h/g/turnstile/f/av0/rch/5o1vn/0x4AAAAAAADnPIDROrmt1Wwj/light/fbE/new/normal?lang=auto (1)
[9636:5480:0727/232846.349:INFO:CONSOLE:1] "%c%d font-size:0;color:transparent NaN", source: https://challenges.cloudflare.com/cdn-cgi/challenge-platform/h/g/turnstile/f/av0/rch/5o1vn/0x4AAAAAAADnPIDROrmt1Wwj/light/fbE/new/normal?lang=auto (1)
[9636:5480:0727/232846.349:INFO:CONSOLE:1] "%c%d font-size:0;color:transparent NaN", source: https://challenges.cloudflare.com/cdn-cgi/challenge-platform/h/g/turnstile/f/av0/rch/5o1vn/0x4AAAAAAADnPIDROrmt1Wwj/light/fbE/new/normal?lang=auto (1)
[9636:5480:0727/232846.349:INFO:CONSOLE:1] "%c%d font-size:0;color:transparent NaN", source: https://challenges.cloudflare.com/cdn-cgi/challenge-platform/h/g/turnstile/f/av0/rch/5o1vn/0x4AAAAAAADnPIDROrmt1Wwj/light/fbE/new/normal?lang=auto (1)
[9636:5480:0727/232846.350:INFO:CONSOLE:1] "console.groupEnd", source: https://challenges.cloudflare.com/cdn-cgi/challenge-platform/h/g/turnstile/f/av0/rch/5o1vn/0x4AAAAAAADnPIDROrmt1Wwj/light/fbE/new/normal?lang=auto (1)
[9636:5480:0727/232846.351:INFO:CONSOLE:1] "OTS parsing error: Size of decompressed WOFF 2.0 is less than compressed size", source: https://challenges.cloudflare.com/cdn-cgi/challenge-platform/h/g/turnstile/f/av0/rch/5o1vn/0x4AAAAAAADnPIDROrmt1Wwj/light/fbE/new/normal?lang=auto (1)
[9636:5480:0727/232846.640:INFO:CONSOLE:1] "WebGL: INVALID_ENUM: getInternalformatParameter: invalid internalformat", source: https://challenges.cloudflare.com/cdn-cgi/challenge-platform/h/g/turnstile/f/av0/rch/5o1vn/0x4AAAAAAADnPIDROrmt1Wwj/light/fbE/new/normal?lang=auto (1)
[9636:5480:0727/232846.641:INFO:CONSOLE:1] "WebGL: INVALID_ENUM: getInternalformatParameter: invalid internalformat", source: https://challenges.cloudflare.com/cdn-cgi/challenge-platform/h/g/turnstile/f/av0/rch/5o1vn/0x4AAAAAAADnPIDROrmt1Wwj/light/fbE/new/normal?lang=auto (1)
[9636:5480:0727/232846.642:INFO:CONSOLE:1] "WebGL: INVALID_ENUM: getInternalformatParameter: invalid internalformat", source: https://challenges.cloudflare.com/cdn-cgi/challenge-platform/h/g/turnstile/f/av0/rch/5o1vn/0x4AAAAAAADnPIDROrmt1Wwj/light/fbE/new/normal?lang=auto (1)
[9636:5480:0727/232846.642:INFO:CONSOLE:1] "WebGL: INVALID_ENUM: getInternalformatParameter: invalid internalformat", source: https://challenges.cloudflare.com/cdn-cgi/challenge-platform/h/g/turnstile/f/av0/rch/5o1vn/0x4AAAAAAADnPIDROrmt1Wwj/light/fbE/new/normal?lang=auto (1)
[9636:5480:0727/232846.642:INFO:CONSOLE:1] "WebGL: INVALID_ENUM: getInternalformatParameter: invalid internalformat", source: https://challenges.cloudflare.com/cdn-cgi/challenge-platform/h/g/turnstile/f/av0/rch/5o1vn/0x4AAAAAAADnPIDROrmt1Wwj/light/fbE/new/normal?lang=auto (1)
[9636:5480:0727/232846.642:INFO:CONSOLE:1] "WebGL: INVALID_ENUM: getInternalformatParameter: invalid internalformat", source: https://challenges.cloudflare.com/cdn-cgi/challenge-platform/h/g/turnstile/f/av0/rch/5o1vn/0x4AAAAAAADnPIDROrmt1Wwj/light/fbE/new/normal?lang=auto (1)
[9636:5480:0727/232846.642:INFO:CONSOLE:1] "WebGL: INVALID_ENUM: getInternalformatParameter: invalid internalformat", source: https://challenges.cloudflare.com/cdn-cgi/challenge-platform/h/g/turnstile/f/av0/rch/5o1vn/0x4AAAAAAADnPIDROrmt1Wwj/light/fbE/new/normal?lang=auto (1)
[9636:5480:0727/232846.642:INFO:CONSOLE:1] "WebGL: INVALID_ENUM: getInternalformatParameter: invalid internalformat", source: https://challenges.cloudflare.com/cdn-cgi/challenge-platform/h/g/turnstile/f/av0/rch/5o1vn/0x4AAAAAAADnPIDROrmt1Wwj/light/fbE/new/normal?lang=auto (1)
[9636:5480:0727/232846.642:INFO:CONSOLE:1] "WebGL: INVALID_ENUM: getInternalformatParameter: invalid internalformat", source: https://challenges.cloudflare.com/cdn-cgi/challenge-platform/h/g/turnstile/f/av0/rch/5o1vn/0x4AAAAAAADnPIDROrmt1Wwj/light/fbE/new/normal?lang=auto (1)
[9636:5480:0727/232846.642:INFO:CONSOLE:1] "WebGL: INVALID_ENUM: getInternalformatParameter: invalid internalformat", source: https://challenges.cloudflare.com/cdn-cgi/challenge-platform/h/g/turnstile/f/av0/rch/5o1vn/0x4AAAAAAADnPIDROrmt1Wwj/light/fbE/new/normal?lang=auto (1)
[9636:5480:0727/232846.643:INFO:CONSOLE:1] "WebGL: INVALID_ENUM: getInternalformatParameter: invalid internalformat", source: https://challenges.cloudflare.com/cdn-cgi/challenge-platform/h/g/turnstile/f/av0/rch/5o1vn/0x4AAAAAAADnPIDROrmt1Wwj/light/fbE/new/normal?lang=auto (1)
[9636:5480:0727/232846.645:INFO:CONSOLE:1] "WebGL: INVALID_ENUM: getInternalformatParameter: invalid internalformat when EXT_color_buffer_[half_]float is not enabled", source: https://challenges.cloudflare.com/cdn-cgi/challenge-platform/h/g/turnstile/f/av0/rch/5o1vn/0x4AAAAAAADnPIDROrmt1Wwj/light/fbE/new/normal?lang=auto (1)
[9636:5480:0727/232846.645:INFO:CONSOLE:1] "WebGL: INVALID_ENUM: getInternalformatParameter: invalid internalformat when EXT_color_buffer_float is not enabled", source: https://challenges.cloudflare.com/cdn-cgi/challenge-platform/h/g/turnstile/f/av0/rch/5o1vn/0x4AAAAAAADnPIDROrmt1Wwj/light/fbE/new/normal?lang=auto (1)
[9636:5480:0727/232846.645:INFO:CONSOLE:1] "WebGL: INVALID_ENUM: getInternalformatParameter: invalid internalformat when EXT_color_buffer_float is not enabled", source: https://challenges.cloudflare.com/cdn-cgi/challenge-platform/h/g/turnstile/f/av0/rch/5o1vn/0x4AAAAAAADnPIDROrmt1Wwj/light/fbE/new/normal?lang=auto (1)
[9636:5480:0727/232846.645:INFO:CONSOLE:1] "WebGL: INVALID_ENUM: getInternalformatParameter: invalid internalformat", source: https://challenges.cloudflare.com/cdn-cgi/challenge-platform/h/g/turnstile/f/av0/rch/5o1vn/0x4AAAAAAADnPIDROrmt1Wwj/light/fbE/new/normal?lang=auto (1)
[9636:5480:0727/232846.645:INFO:CONSOLE:1] "WebGL: INVALID_ENUM: getInternalformatParameter: invalid internalformat when EXT_color_buffer_[half_]float is not enabled", source: https://challenges.cloudflare.com/cdn-cgi/challenge-platform/h/g/turnstile/f/av0/rch/5o1vn/0x4AAAAAAADnPIDROrmt1Wwj/light/fbE/new/normal?lang=auto (1)
[9636:5480:0727/232846.645:INFO:CONSOLE:1] "WebGL: INVALID_ENUM: getInternalformatParameter: invalid internalformat when EXT_color_buffer_float is not enabled", source: https://challenges.cloudflare.com/cdn-cgi/challenge-platform/h/g/turnstile/f/av0/rch/5o1vn/0x4AAAAAAADnPIDROrmt1Wwj/light/fbE/new/normal?lang=auto (1)
[9636:5480:0727/232846.645:INFO:CONSOLE:1] "WebGL: INVALID_ENUM: getInternalformatParameter: invalid internalformat when EXT_color_buffer_[half_]float is not enabled", source: https://challenges.cloudflare.com/cdn-cgi/challenge-platform/h/g/turnstile/f/av0/rch/5o1vn/0x4AAAAAAADnPIDROrmt1Wwj/light/fbE/new/normal?lang=auto (1)
[9636:5480:0727/232846.645:INFO:CONSOLE:1] "WebGL: INVALID_ENUM: getInternalformatParameter: invalid internalformat when EXT_color_buffer_float is not enabled", source: https://challenges.cloudflare.com/cdn-cgi/challenge-platform/h/g/turnstile/f/av0/rch/5o1vn/0x4AAAAAAADnPIDROrmt1Wwj/light/fbE/new/normal?lang=auto (1)
[9636:5480:0727/232846.747:INFO:CONSOLE:1] "The powerPreference option is currently ignored when calling requestAdapter() on Windows. See https://crbug.com/369219127", source: https://challenges.cloudflare.com/cdn-cgi/challenge-platform/h/g/turnstile/f/av0/rch/5o1vn/0x4AAAAAAADnPIDROrmt1Wwj/light/fbE/new/normal?lang=auto (1)
[9636:5480:0727/232846.747:INFO:CONSOLE:1] "The powerPreference option is currently ignored when calling requestAdapter() on Windows. See https://crbug.com/369219127", source: https://challenges.cloudflare.com/cdn-cgi/challenge-platform/h/g/turnstile/f/av0/rch/5o1vn/0x4AAAAAAADnPIDROrmt1Wwj/light/fbE/new/normal?lang=auto (1)
[9636:5480:0727/232847.080:INFO:CONSOLE:0] "No available adapters.", source: https://challenges.cloudflare.com/cdn-cgi/challenge-platform/h/g/turnstile/f/av0/rch/5o1vn/0x4AAAAAAADnPIDROrmt1Wwj/light/fbE/new/normal?lang=auto (0)
